<html>
<body>
<pre>
<h1>礦ision Build Log</h1>
<h2>Project:</h2>
C:\Users\Guoguang\Desktop\Dooya_0412 - 副本\proj\stm32f1\keil\sac_dbg.uvproj
Project File Date:  02/23/2017

<h2>Output:</h2>
Rebuild target 'sac_dbg'
compiling app_main.c...
compiling app_protocol_i.c...
..\..\..\example\common\app_protocol_i.c(65): warning:  #223-D: function "dooya_get_device_type" declared implicitly
                                                        rc = dooya_get_device_type(frm_buf + 6, 1); 
..\..\..\example\common\app_protocol_i.c(65): warning:  #188-D: enumerated type mixed with another type
                                                        rc = dooya_get_device_type(frm_buf + 6, 1); 
..\..\..\example\common\app_protocol_i.c(88): warning:  #223-D: function "dooya_get_status" declared implicitly
                                                        rc = dooya_get_status(frm_buf + 6, 8);
..\..\..\example\common\app_protocol_i.c(88): warning:  #188-D: enumerated type mixed with another type
                                                        rc = dooya_get_status(frm_buf + 6, 8);
..\..\..\example\common\app_protocol_i.c(92): warning:  #223-D: function "dooya_get_error" declared implicitly
                                                        rc = dooya_get_error(frm_buf + 5, 1);
..\..\..\example\common\app_protocol_i.c(92): warning:  #188-D: enumerated type mixed with another type
                                                        rc = dooya_get_error(frm_buf + 5, 1);
..\..\..\example\common\app_protocol_i.c: 6 warnings, 0 errors
compiling app_property.c...
compiling app_control.c...
compiling app_uart.c...
compiling sac_protocol_i.c...
compiling sac_property.c...
compiling sac_control.c...
compiling mcu_io.c...
compiling spi_platform.c...
compiling stm32.c...
compiling system_stm32f10x.c...
assembling startup_stm32f10x_md.s...
compiling stm32f10x_exti.c...
compiling stm32f10x_gpio.c...
compiling stm32f10x_rcc.c...
compiling misc.c...
compiling stm32f10x_spi.c...
compiling stm32f10x_crc.c...
compiling stm32f10x_flash.c...
compiling stm32f10x_usart.c...
compiling stm32f10x_tim.c...
compiling byte_order.c...
compiling crc16.c...
compiling props.c...
compiling serial_msg.c...
compiling tlv.c...
compiling utf8.c...
compiling demo_stream.c...
compiling demo_img_mgmt.c...
compiling wifi_demo.c...
compiling conf_access.c...
compiling host_ota.c...
compiling clock_utils.c...
compiling sched.c...
compiling schedeval.c...
compiling prop_dp.c...
compiling spi.c...
compiling spi_ping.c...
linking...
Program Size: Code=31902 RO-data=798 RW-data=1456 ZI-data=6800  
After Build - User command #1: fromelf --bin --output=output_sac_dbg\sac_dbg.bin output_sac_dbg\sac_dbg.axf
After Build - User command #2: ..\..\..\arch\img_pkg_win.exe -i output_sac_dbg\sac_dbg.bin -o output_sac_dbg\sac_dbg.img -t stm32f1
version Dooya 1.0  @Apr 13 2017 15:03:13
".\output_sac_dbg\sac_dbg.axf" - 0 Error(s), 6 Warning(s).
Load "C:\\Users\\Guoguang\\Desktop\\Dooya_0412 - 副本\\proj\\stm32f1\\keil\\output_sac_dbg\\sac_dbg.axf" 
Set JLink Project File to "C:\Users\Guoguang\Desktop\Dooya_0412 - 副本\proj\stm32f1\keil\JLinkSettings.ini"
* JLink Info: Device "STM32F103CB" selected (128 KB flash, 20 KB RAM).
 
JLink info:
------------
DLL: V4.80g, compiled Feb 13 2014 20:50:02
Firmware: J-Link ARM-OB STM32 compiled Aug 22 2012 19:52:04
Hardware: V7.00
S/N : 20090928 
Feature(s) : RDI,FlashDL,FlashBP,JFlash,GDBFull 
 
* JLink Info: Found SWD-DP with ID 0x1BA01477
* JLink Info: Found SWD-DP with ID 0x1BA01477
* JLink Info: Found Cortex-M3 r1p1, Little endian.
* JLink Info: FPUnit: 6 code (BP) slots and 2 literal slots
* JLink Info: TPIU fitted.
ROMTableAddr = 0xE00FF003
 
Target info:
------------
Device: STM32F103CB
VTarget = 3.300V
State of Pins: 
TCK: 0, TDI: 0, TDO: 1, TMS: 0, TRES: 1, TRST: 1
Hardware-Breakpoints: 6
Software-Breakpoints: 8192
Watchpoints:          4
JTAG speed: 500 kHz
 
Erase Done.
Programming Done.
Verify OK.
Application running ...
</pre>
</body>
</html>

Hardware: V7.00
S/N : 20090928 
Feature(s) : RDI,FlashDL,FlashBP,JFlash,GDBFull 
 
* JLink Info: Found SWD-DP with ID 0x1BA01477
* JLink Info: Found SWD-DP with ID 0x1BA01477
* JLink Info: Found Cortex-M3 r1p1, Little endian.
* JLink Info: FPUnit: 6 code (BP) slots and 2 literal slots
* JLink Info: TPIU fitted.
ROMTableAddr = 0xE00FF003
 
Target info:
------------
Device: STM32F103CB
VTarget = 3.300V
State of Pins: 
TCK: 0, TDI: 0, TDO: 1, TMS: 0, TRES: 1, TRST: 1
Hardware-Breakpoints: 6
Software-Breakpoints: 8192
Watchpoints:          4
JTAG speed: 500 kHz
 
Erase Done.
Programming Done.
Verify OK.
Application running ...
ling demo_stream.c...
compiling demo_img_mgmt.c...
compiling wifi_demo.c...
compiling conf_access.c...
compiling host_ota.c...
compiling clock_utils.c...
compiling sched.c...
compiling schedeval.c...
compiling prop_dp.c...
compiling spi.c...
compiling spi_ping.c...
".\output_sac_dbg\sac_dbg.axf" - 11 Error(s), 7 Warning(s).
Target not created
