ARM Linker, 5.03 [Build 76] [MDK-ARM Professional]

==============================================================================

Section Cross References

    app_main.o(.text) refers to memcpya.o(.text) for __aeabi_memcpy
    app_main.o(.text) refers to sched.o(.text) for sched_run_all
    app_main.o(.text) refers to strlen.o(.text) for strlen
    app_main.o(.text) refers to props.o(.text) for prop_send
    app_main.o(.text) refers to demo_img_mgmt.o(.text) for mcu_img_mgmt_init
    app_main.o(.text) refers to mcu_io.o(.text) for mcu_io_init
    app_main.o(.text) refers to spi_platform.o(.text) for spi_platform_init
    app_main.o(.text) refers to stm32.o(.text) for stm32_reset_module
    app_main.o(.text) refers to demo_stream.o(.text) for demo_stream_init
    app_main.o(.text) refers to app_control.o(.text) for app_init
    app_main.o(.text) refers to serial_msg.o(.text) for serial_tx_cmd
    app_main.o(.text) refers to conf_access.o(.text) for conf_poll
    app_main.o(.text) refers to app_main.o(.ARM.__AT_0x08002158) for version
    app_main.o(.text) refers to serial_msg.o(.data) for feature_mask
    app_main.o(.text) refers to app_main.o(.data) for factory_reset
    app_main.o(.text) refers to sched.o(.data) for sched_next_event_tick
    app_main.o(.text) refers to stm32.o(.data) for tick
    app_main.o(.text) refers to demo_img_mgmt.o(.data) for template_req
    app_protocol_i.o(.text) refers to sac_protocol_i.o(.text) for dooya_get_status
    app_protocol_i.o(.text) refers to memseta.o(.text) for __aeabi_memclr
    app_property.o(.text) refers to props.o(.text) for prop_lookup
    app_property.o(.text) refers to memcpya.o(.text) for __aeabi_memcpy
    app_property.o(.text) refers to app_property.o(.bss) for app_param
    app_property.o(.text) refers to props.o(.data) for valid_dest_mask
    app_property.o(.text) refers to sac_property.o(.data) for prop_table
    app_control.o(.text) refers to stm32f10x_gpio.o(.text) for GPIO_SetBits
    app_control.o(.text) refers to stm32f10x_usart.o(.text) for USART_SendData
    app_control.o(.text) refers to app_control.o(.data) for rx_fsm
    app_control.o(.text) refers to app_control.o(.bss) for rx_buf
    app_control.o(.text) refers to stm32.o(.data) for tick
    app_control.o(.text) refers to props.o(.text) for prop_lookup
    app_control.o(.text) refers to app_uart.o(.text) for USART_Configuration
    app_control.o(.text) refers to memseta.o(.text) for __aeabi_memclr4
    app_control.o(.text) refers to sac_control.o(.text) for custom_init
    app_control.o(.text) refers to app_property.o(.bss) for app_param
    app_control.o(.text) refers to props.o(.data) for valid_dest_mask
    app_control.o(.text) refers to app_control.o(.constdata) for F2C_table
    app_uart.o(.text) refers to misc.o(.text) for NVIC_PriorityGroupConfig
    app_uart.o(.text) refers to stm32f10x_rcc.o(.text) for RCC_APB2PeriphClockCmd
    app_uart.o(.text) refers to stm32f10x_gpio.o(.text) for GPIO_Init
    app_uart.o(.text) refers to stm32f10x_usart.o(.text) for USART_Init
    app_uart.o(.text) refers to app_control.o(.text) for com_rx_hdl
    sac_protocol_i.o(.text) refers to sac_property.o(.bss) for sac_param
    sac_protocol_i.o(.text) refers to props.o(.data) for valid_dest_mask
    sac_protocol_i.o(.text) refers to sac_property.o(.data) for prop_table
    sac_protocol_i.o(.constdata) refers to sac_protocol_i.o(.text) for msg_003_xxx_build_power_ctrl
    sac_protocol_i.o(.data) refers to sac_protocol_i.o(.constdata) for msg_sw_tbl
    sac_property.o(.text) refers to app_control.o(.text) for msg_queue_put
    sac_property.o(.text) refers to sac_property.o(.data) for prop_table
    sac_property.o(.text) refers to props.o(.data) for valid_dest_mask
    sac_property.o(.text) refers to sac_property.o(.bss) for sac_param
    sac_property.o(.data) refers to sac_property.o(.conststring) for .conststring
    sac_property.o(.data) refers to sac_property.o(.text) for sac_param_set_status
    sac_property.o(.data) refers to props.o(.text) for prop_send_generic
    sac_property.o(.data) refers to sac_property.o(.bss) for sac_param
    sac_property.o(.data) refers to app_property.o(.text) for app_param_set_device_info
    sac_property.o(.data) refers to app_property.o(.bss) for app_param
    sac_property.o(.data) refers to app_main.o(.text) for set_schedule
    sac_property.o(.data) refers to app_main.o(.bss) for sched_table
    sac_property.o(.data) refers to demo_img_mgmt.o(.text) for send_template_version
    sac_control.o(.text) refers to memseta.o(.text) for __aeabi_memclr4
    sac_control.o(.text) refers to app_control.o(.text) for com_err_handle
    sac_control.o(.text) refers to app_protocol_i.o(.text) for build_frame
    sac_control.o(.text) refers to app_property.o(.bss) for app_param
    sac_control.o(.text) refers to sac_property.o(.bss) for sac_param
[...]
    dc.s                                     0x00000000   Number         0  dc.o ABSOLUTE
    handlers.s                               0x00000000   Number         0  handlers.o ABSOLUTE
    init.s                                   0x00000000   Number         0  init.o ABSOLUTE
    RESET                                    0x08002000   Section      236  startup_stm32f10x_md.o(RESET)
    .ARM.Collect$$$$00000000                 0x080020ec   Section        0  entry.o(.ARM.Collect$$$$00000000)
    .ARM.Collect$$$$00000001                 0x080020ec   Section        4  entry2.o(.ARM.Collect$$$$00000001)
    .ARM.Collect$$$$00000004                 0x080020f0   Section        4  entry5.o(.ARM.Collect$$$$00000004)
    .ARM.Collect$$$$00000008                 0x080020f4   Section        0  entry7b.o(.ARM.Collect$$$$00000008)
    .ARM.Collect$$$$0000000A                 0x080020f4   Section        0  entry8b.o(.ARM.Collect$$$$0000000A)
    .ARM.Collect$$$$0000000B                 0x080020f4   Section        8  entry9a.o(.ARM.Collect$$$$0000000B)
    .ARM.Collect$$$$0000000D                 0x080020fc   Section        0  entry10a.o(.ARM.Collect$$$$0000000D)
    .ARM.Collect$$$$0000000F                 0x080020fc   Section        0  entry11a.o(.ARM.Collect$$$$0000000F)
    .ARM.Collect$$$$00002712                 0x080020fc   Section        4  entry2.o(.ARM.Collect$$$$00002712)
    __lit__00000000                          0x080020fc   Data           4  entry2.o(.ARM.Collect$$$$00002712)
    .text                                    0x08002100   Section       36  startup_stm32f10x_md.o(.text)
    .text                                    0x08002124   Section        0  ctype_o.o(.text)
    .text                                    0x0800212c   Section        0  memcpya.o(.text)
    .ARM.__AT_0x08002150                     0x08002150   Section        8  app_main.o(.ARM.__AT_0x08002150)
    __tagsym$$used                           0x08002150   Number         0  app_main.o(.ARM.__AT_0x08002150)
    .ARM.__AT_0x08002158                     0x08002158   Section       72  app_main.o(.ARM.__AT_0x08002158)
    .text                                    0x080021a0   Section        0  app_main.o(.text)
    htons                                    0x080021a1   Thumb Code    14  app_main.o(.text)
    ntohs                                    0x080021af   Thumb Code    12  app_main.o(.text)
    htonl                                    0x080021bb   Thumb Code    30  app_main.o(.text)
    ntohl                                    0x080021d9   Thumb Code    30  app_main.o(.text)
    bit                                      0x080021f7   Thumb Code     8  app_main.o(.text)
    cmp_gt                                   0x080021ff   Thumb Code    16  app_main.o(.text)
    .text                                    0x0800235c   Section        0  app_protocol_i.o(.text)
    htons                                    0x0800235d   Thumb Code    14  app_protocol_i.o(.text)
    ntohs                                    0x0800236b   Thumb Code    12  app_protocol_i.o(.text)
    htonl                                    0x08002377   Thumb Code    30  app_protocol_i.o(.text)
    ntohl                                    0x08002395   Thumb Code    30  app_protocol_i.o(.text)
    .text                                    0x080025b8   Section        0  app_property.o(.text)
    htons                                    0x080025b9   Thumb Code    14  app_property.o(.text)
    ntohs                                    0x080025c7   Thumb Code    12  app_property.o(.text)
    htonl                                    0x080025d3   Thumb Code    30  app_property.o(.text)
    ntohl                                    0x080025f1   Thumb Code    30  app_property.o(.text)
    .text                                    0x080026d8   Section        0  app_control.o(.text)
    htons                                    0x080026d9   Thumb Code    14  app_control.o(.text)
    ntohs                                    0x080026e7   Thumb Code    12  app_control.o(.text)
    htonl                                    0x080026f3   Thumb Code    30  app_control.o(.text)
    ntohl                                    0x08002711   Thumb Code    30  app_control.o(.text)
    bit                                      0x0800272f   Thumb Code     8  app_control.o(.text)
    .text                                    0x08002d00   Section        0  app_uart.o(.text)
    htons                                    0x08002d01   Thumb Code    14  app_uart.o(.text)
    ntohs                                    0x08002d0f   Thumb Code    12  app_uart.o(.text)
    htonl                                    0x08002d1b   Thumb Code    30  app_uart.o(.text)
    ntohl                                    0x08002d39   Thumb Code    30  app_uart.o(.text)
    .text                                    0x08002e60   Section        0  sac_protocol_i.o(.text)
    htons                                    0x08002e61   Thumb Code    14  sac_protocol_i.o(.text)
    ntohs                                    0x08002e6f   Thumb Code    12  sac_protocol_i.o(.text)
    htonl                                    0x08002e7b   Thumb Code    30  sac_protocol_i.o(.text)
    ntohl                                    0x08002e99   Thumb Code    30  sac_protocol_i.o(.text)
    msg_003_xxx_build_power_ctrl             0x08002eb7   Thumb Code     8  sac_protocol_i.o(.text)
    msg_101_000_build_write_command_1        0x08002ebf   Thumb Code    18  sac_protocol_i.o(.text)
    msg_102_000_build_get_status_1           0x08002ed1   Thumb Code    16  sac_protocol_i.o(.text)
    msg_102_000_parse_get_status_1           0x08002ee1   Thumb Code    18  sac_protocol_i.o(.text)
    msg_102_001_build_get_status_2           0x08002fa7   Thumb Code     6  sac_protocol_i.o(.text)
    msg_102_001_parse_get_status_2           0x08002fad   Thumb Code    18  sac_protocol_i.o(.text)
    .text                                    0x08002fcc   Section        0  sac_property.o(.text)
    htons                                    0x08002fcd   Thumb Code    14  sac_property.o(.text)
    ntohs                                    0x08002fdb   Thumb Code    12  sac_property.o(.text)
    htonl                                    0x08002fe7   Thumb Code    30  sac_property.o(.text)
    ntohl                                    0x08003005   Thumb Code    30  sac_property.o(.text)
    .text                                    0x0800318c   Section        0  sac_control.o(.text)
    htons                                    0x0800318d   Thumb Code    14  sac_control.o(.text)
    ntohs                                    0x0800319b   Thumb Code    12  sac_control.o(.text)
    htonl                                    0x080031a7   Thumb Code    30  sac_control.o(.text)
    ntohl                                    0x080031c5   Thumb Code    30  sac_control.o(.text)
    bit                                      0x080031e3   Thumb Code     8  sac_control.o(.text)
    .text                                    0x08003358   Section        0  mcu_io.o(.text)
    htons                                    0x08003359   Thumb Code    14  mcu_io.o(.text)
    ntohs                                    0x08003367   Thumb Code    12  mcu_io.o(.text)
    htonl                                    0x08003373   Thumb Code    30  mcu_io.o(.text)
    ntohl                                    0x08003391   Thumb Code    30  mcu_io.o(.text)
    bit                                      0x080033af   Thumb Code     8  mcu_io.o(.text)
    .text                                    0x0800348c   Section        0  spi_platform.o(.text)
    htons                                    0x0800348d   Thumb Code    14  spi_platform.o(.text)
    ntohs                                    0x0800349b   Thumb Code    12  spi_platform.o(.text)
    htonl                                    0x080034a7   Thumb Code    30  spi_platform.o(.text)
    ntohl                                    0x080034c5   Thumb Code    30  spi_platform.o(.text)
    bit                                      0x080034e3   Thumb Code     8  spi_platform.o(.text)
    spi_platform_wait_idle                   0x080034eb   Thumb Code    24  spi_platform.o(.text)
    spi_platform_out                         0x0800363b   Thumb Code    26  spi_platform.o(.text)
    spi_platform_in                          0x08003655   Thumb Code    34  spi_platform.o(.text)
    .text                                    0x08003758   Section        0  stm32.o(.text)
    htons                                    0x08003759   Thumb Code    14  stm32.o(.text)
    ntohs                                    0x08003767   Thumb Code    12  stm32.o(.text)
    htonl                                    0x08003773   Thumb Code    30  stm32.o(.text)
    ntohl                                    0x08003791   Thumb Code    30  stm32.o(.text)
    bit                                      0x080037af   Thumb Code     8  stm32.o(.text)
    cmp_gt                                   0x080037b7   Thumb Code    16  stm32.o(.text)
    stm32_intr_init                          0x08003817   Thumb Code    22  stm32.o(.text)
    stm32_systick_init                       0x0800387f   Thumb Code    74  stm32.o(.text)
    stm32_button_read                        0x080038c9   Thumb Code   104  stm32.o(.text)
    .text                                    0x08003a40   Section        0  system_stm32f10x.o(.text)
    SetSysClockTo24                          0x08003a41   Thumb Code   204  system_stm32f10x.o(.text)
    SetSysClock                              0x08003b0d   Thumb Code     8  system_stm32f10x.o(.text)
    .text                                    0x08003c14   Section        0  stm32f10x_exti.o(.text)
    .text                                    0x08003d30   Section        0  stm32f10x_gpio.o(.text)
    .text                                    0x08004088   Section        0  stm32f10x_rcc.o(.text)
    .text                                    0x0800442c   Section        0  misc.o(.text)
    .text                                    0x08004508   Section        0  stm32f10x_spi.o(.text)
    .text                                    0x08004814   Section        0  stm32f10x_flash.o(.text)
    .text                                    0x08004dd0   Section        0  stm32f10x_usart.o(.text)
    .text                                    0x080051d8   Section        0  byte_order.o(.text)
    htons                                    0x080051d9   Thumb Code    14  byte_order.o(.text)
    ntohs                                    0x080051e7   Thumb Code    12  byte_order.o(.text)
    htonl                                    0x080051f3   Thumb Code    30  byte_order.o(.text)
    ntohl                                    0x08005211   Thumb Code    30  byte_order.o(.text)
    put_ua_be32                              0x0800522f   Thumb Code    18  byte_order.o(.text)
    put_ua_be16                              0x08005241   Thumb Code    10  byte_order.o(.text)
    get_ua_be32                              0x0800524b   Thumb Code    26  byte_order.o(.text)
    get_ua_be16                              0x08005265   Thumb Code    14  byte_order.o(.text)
    .text                                    0x080052b0   Section        0  crc16.o(.text)
    htons                                    0x080052b1   Thumb Code    14  crc16.o(.text)
    ntohs                                    0x080052bf   Thumb Code    12  crc16.o(.text)
    htonl                                    0x080052cb   Thumb Code    30  crc16.o(.text)
    ntohl                                    0x080052e9   Thumb Code    30  crc16.o(.text)
    bit                                      0x08005307   Thumb Code     8  crc16.o(.text)
    .text                                    0x08005348   Section        0  props.o(.text)
    htons                                    0x08005349   Thumb Code    14  props.o(.text)
    ntohs                                    0x08005357   Thumb Code    12  props.o(.text)
    htonl                                    0x08005363   Thumb Code    30  props.o(.text)
    ntohl                                    0x08005381   Thumb Code    30  props.o(.text)
    .text                                    0x080058b8   Section        0  serial_msg.o(.text)
    htons                                    0x080058b9   Thumb Code    14  serial_msg.o(.text)
    ntohs                                    0x080058c7   Thumb Code    12  serial_msg.o(.text)
    htonl                                    0x080058d3   Thumb Code    30  serial_msg.o(.text)
    ntohl                                    0x080058f1   Thumb Code    30  serial_msg.o(.text)
    bit                                      0x0800590f   Thumb Code     8  serial_msg.o(.text)
    put_ua_be32                              0x08005917   Thumb Code    18  serial_msg.o(.text)
    put_ua_be16                              0x08005929   Thumb Code    10  serial_msg.o(.text)
    get_ua_be32                              0x08005933   Thumb Code    26  serial_msg.o(.text)
    get_ua_be16                              0x0800594d   Thumb Code    14  serial_msg.o(.text)
    intr_pri_set                             0x0800595b   Thumb Code    12  serial_msg.o(.text)
    intr_pri_get                             0x08005967   Thumb Code     8  serial_msg.o(.text)
    intr_disable                             0x0800596f   Thumb Code    10  serial_msg.o(.text)
    intr_enable                              0x08005979   Thumb Code    10  serial_msg.o(.text)
    intr_disable_save                        0x08005983   Thumb Code    16  serial_msg.o(.text)
    intr_restore                             0x08005993   Thumb Code    12  serial_msg.o(.text)
    serial_rx_tlv                            0x0800599f   Thumb Code   706  serial_msg.o(.text)
    serial_tx_err                            0x08005cbb   Thumb Code   128  serial_msg.o(.text)
    serial_rx_send_tlv                       0x08005d3b   Thumb Code   264  serial_msg.o(.text)
    serial_rx_send_next_tlv                  0x08005e43   Thumb Code   322  serial_msg.o(.text)
    .text                                    0x080065d8   Section        0  tlv.o(.text)
    htons                                    0x080065d9   Thumb Code    14  tlv.o(.text)
    ntohs                                    0x080065e7   Thumb Code    12  tlv.o(.text)
    htonl                                    0x080065f3   Thumb Code    30  tlv.o(.text)
    ntohl                                    0x08006611   Thumb Code    30  tlv.o(.text)
    .text                                    0x080066a0   Section        0  utf8.o(.text)
    htons                                    0x080066a1   Thumb Code    14  utf8.o(.text)
    ntohs                                    0x080066af   Thumb Code    12  utf8.o(.text)
    htonl                                    0x080066bb   Thumb Code    30  utf8.o(.text)
    ntohl                                    0x080066d9   Thumb Code    30  utf8.o(.text)
    bit                                      0x080066f7   Thumb Code     8  utf8.o(.text)
    utf8_put_wchar                           0x080066ff   Thumb Code   120  utf8.o(.text)
    utf8_get                                 0x08006777   Thumb Code   182  utf8.o(.text)
    .text                                    0x08006870   Section        0  demo_stream.o(.text)
    htons                                    0x08006871   Thumb Code    14  demo_stream.o(.text)
    ntohs                                    0x0800687f   Thumb Code    12  demo_stream.o(.text)
    htonl                                    0x0800688b   Thumb Code    30  demo_stream.o(.text)
    ntohl                                    0x080068a9   Thumb Code    30  demo_stream.o(.text)
    put_ua_be32                              0x080068c7   Thumb Code    18  demo_stream.o(.text)
    put_ua_be16                              0x080068d9   Thumb Code    10  demo_stream.o(.text)
    get_ua_be32                              0x080068e3   Thumb Code    26  demo_stream.o(.text)
    get_ua_be16                              0x080068fd   Thumb Code    14  demo_stream.o(.text)
    test_patt                                0x0800690b   Thumb Code    26  demo_stream.o(.text)
    test_patt_get                            0x08006925   Thumb Code    44  demo_stream.o(.text)
    test_patt_set                            0x08006951   Thumb Code   126  demo_stream.o(.text)
    .text                                    0x08006a7c   Section        0  demo_img_mgmt.o(.text)
    htons                                    0x08006a7d   Thumb Code    14  demo_img_mgmt.o(.text)
    ntohs                                    0x08006a8b   Thumb Code    12  demo_img_mgmt.o(.text)
    htonl                                    0x08006a97   Thumb Code    30  demo_img_mgmt.o(.text)
    ntohl                                    0x08006ab5   Thumb Code    30  demo_img_mgmt.o(.text)
    mcu_set_inactive_version                 0x08006ad3   Thumb Code    22  demo_img_mgmt.o(.text)
    mcu_flash_block_erased                   0x08006b13   Thumb Code    28  demo_img_mgmt.o(.text)
    mcu_img_mgmt_set_boot_state              0x08006b2f   Thumb Code    62  demo_img_mgmt.o(.text)
    mcu_img_crc_check                        0x08006b6d   Thumb Code   118  demo_img_mgmt.o(.text)
    mcu_find_ver                             0x08006be3   Thumb Code    82  demo_img_mgmt.o(.text)
    mcu_boot                                 0x08006c35   Thumb Code    98  demo_img_mgmt.o(.text)
    mcu_tmpl_ver                             0x08006cb3   Thumb Code    70  demo_img_mgmt.o(.text)
    mcu_img_mgmt_get_boot_state              0x08006d25   Thumb Code    74  demo_img_mgmt.o(.text)
    mcu_inactive_erase                       0x08006d6f   Thumb Code    76  demo_img_mgmt.o(.text)
    mcu_img_upgrade_check                    0x08006dbb   Thumb Code    96  demo_img_mgmt.o(.text)
    mcu_img_load                             0x08006e1b   Thumb Code   334  demo_img_mgmt.o(.text)
    .text                                    0x0800709c   Section        0  conf_access.o(.text)
    htons                                    0x0800709d   Thumb Code    14  conf_access.o(.text)
    ntohs                                    0x080070ab   Thumb Code    12  conf_access.o(.text)
    htonl                                    0x080070b7   Thumb Code    30  conf_access.o(.text)
    ntohl                                    0x080070d5   Thumb Code    30  conf_access.o(.text)
    bit                                      0x080070f3   Thumb Code     8  conf_access.o(.text)
    put_ua_be32                              0x080070fb   Thumb Code    18  conf_access.o(.text)
    put_ua_be16                              0x0800710d   Thumb Code    10  conf_access.o(.text)
    get_ua_be32                              0x08007117   Thumb Code    26  conf_access.o(.text)
    get_ua_be16                              0x08007131   Thumb Code    14  conf_access.o(.text)
    conf_mod_ota_send                        0x0800713f   Thumb Code    78  conf_access.o(.text)
    conf_dsn_rx                              0x08007195   Thumb Code    52  conf_access.o(.text)
    conf_model_rx                            0x080071c9   Thumb Code    52  conf_access.o(.text)
    conf_update                              0x080071fd   Thumb Code   256  conf_access.o(.text)
    .text                                    0x08007624   Section        0  host_ota.o(.text)
    htons                                    0x08007625   Thumb Code    14  host_ota.o(.text)
    ntohs                                    0x08007633   Thumb Code    12  host_ota.o(.text)
    htonl                                    0x0800763f   Thumb Code    30  host_ota.o(.text)
    ntohl                                    0x0800765d   Thumb Code    30  host_ota.o(.text)
    put_ua_be32                              0x0800767b   Thumb Code    18  host_ota.o(.text)
    put_ua_be16                              0x0800768d   Thumb Code    10  host_ota.o(.text)
    get_ua_be32                              0x08007697   Thumb Code    26  host_ota.o(.text)
    get_ua_be16                              0x080076b1   Thumb Code    14  host_ota.o(.text)
    .text                                    0x08007858   Section        0  clock_utils.o(.text)
    htons                                    0x08007859   Thumb Code    14  clock_utils.o(.text)
    ntohs                                    0x08007867   Thumb Code    12  clock_utils.o(.text)
    htonl                                    0x08007873   Thumb Code    30  clock_utils.o(.text)
    ntohl                                    0x08007891   Thumb Code    30  clock_utils.o(.text)
    bit                                      0x080078af   Thumb Code     8  clock_utils.o(.text)
    clock_utc                                0x080078b7   Thumb Code    18  clock_utils.o(.text)
    .text                                    0x08007f68   Section        0  sched.o(.text)
    htons                                    0x08007f69   Thumb Code    14  sched.o(.text)
    ntohs                                    0x08007f77   Thumb Code    12  sched.o(.text)
    htonl                                    0x08007f83   Thumb Code    30  sched.o(.text)
    ntohl                                    0x08007fa1   Thumb Code    30  sched.o(.text)
    bit                                      0x08007fbf   Thumb Code     8  sched.o(.text)
    clock_utc                                0x08007fc7   Thumb Code    18  sched.o(.text)
    put_ua_be32                              0x08007fd9   Thumb Code    18  sched.o(.text)
    put_ua_be16                              0x08007feb   Thumb Code    10  sched.o(.text)
    get_ua_be32                              0x08007ff5   Thumb Code    26  sched.o(.text)
    get_ua_be16                              0x0800800f   Thumb Code    14  sched.o(.text)
    sched_clock_set                          0x08008059   Thumb Code    18  sched.o(.text)
    .text                                    0x08008258   Section        0  schedeval.o(.text)
    htons                                    0x08008259   Thumb Code    14  schedeval.o(.text)
    ntohs                                    0x08008267   Thumb Code    12  schedeval.o(.text)
    htonl                                    0x08008273   Thumb Code    30  schedeval.o(.text)
    ntohl                                    0x08008291   Thumb Code    30  schedeval.o(.text)
    bit                                      0x080082af   Thumb Code     8  schedeval.o(.text)
    clock_utc                                0x080082b7   Thumb Code    18  schedeval.o(.text)
    sched_init_schedule                      0x080082c9   Thumb Code    38  schedeval.o(.text)
    sched_set_sched_value                    0x080082ef   Thumb Code    50  schedeval.o(.text)
    sched_check_mask                         0x08008321   Thumb Code    14  schedeval.o(.text)
    sched_check_day                          0x0800832f   Thumb Code   102  schedeval.o(.text)
    sched_day_spec_is_given                  0x08008395   Thumb Code    38  schedeval.o(.text)
    sched_day_find_range                     0x080083bb   Thumb Code   246  schedeval.o(.text)
    sched_month_find_range                   0x080084b1   Thumb Code   266  schedeval.o(.text)
    sched_adjust_boundary_if_crossover       0x080085bb   Thumb Code    88  schedeval.o(.text)
    sched_get_minimum                        0x08008613   Thumb Code    42  schedeval.o(.text)
    sched_determine_big_range                0x08008931   Thumb Code  1066  schedeval.o(.text)
    .text                                    0x08008f8c   Section        0  prop_dp.o(.text)
    htons                                    0x08008f8d   Thumb Code    14  prop_dp.o(.text)
    ntohs                                    0x08008f9b   Thumb Code    12  prop_dp.o(.text)
    htonl                                    0x08008fa7   Thumb Code    30  prop_dp.o(.text)
    ntohl                                    0x08008fc5   Thumb Code    30  prop_dp.o(.text)
    put_ua_be32                              0x08008fe3   Thumb Code    18  prop_dp.o(.text)
    put_ua_be16                              0x08008ff5   Thumb Code    10  prop_dp.o(.text)
    get_ua_be32                              0x08008fff   Thumb Code    26  prop_dp.o(.text)
    get_ua_be16                              0x08009019   Thumb Code    14  prop_dp.o(.text)
    prop_dp_done                             0x08009031   Thumb Code    26  prop_dp.o(.text)
    prop_dp_fatal_err                        0x080090b5   Thumb Code    12  prop_dp.o(.text)
    prop_dp_create_tx                        0x080090c1   Thumb Code   156  prop_dp.o(.text)
    prop_dp_data_tx                          0x0800915d   Thumb Code   348  prop_dp.o(.text)
    prop_dp_request                          0x080092b9   Thumb Code   174  prop_dp.o(.text)
    prop_dp_fetched                          0x08009367   Thumb Code   128  prop_dp.o(.text)
    prop_dp_step                             0x080093e7   Thumb Code    88  prop_dp.o(.text)
    prop_dp_create_resp                      0x0800949b   Thumb Code   114  prop_dp.o(.text)
    prop_dp_rx                               0x0800950d   Thumb Code   310  prop_dp.o(.text)
    .text                                    0x08009774   Section        0  spi.o(.text)
    htons                                    0x08009775   Thumb Code    14  spi.o(.text)
    ntohs                                    0x08009783   Thumb Code    12  spi.o(.text)
    htonl                                    0x0800978f   Thumb Code    30  spi.o(.text)
    ntohl                                    0x080097ad   Thumb Code    30  spi.o(.text)
    intr_pri_set                             0x080097cb   Thumb Code    12  spi.o(.text)
    intr_pri_get                             0x080097d7   Thumb Code     8  spi.o(.text)
    intr_disable                             0x080097df   Thumb Code    10  spi.o(.text)
    intr_enable                              0x080097e9   Thumb Code    10  spi.o(.text)
    intr_disable_save                        0x080097f3   Thumb Code    16  spi.o(.text)
    intr_restore                             0x08009803   Thumb Code    12  spi.o(.text)
    spi_delay                                0x0800980f   Thumb Code    14  spi.o(.text)
    spi_tx_get_mask_to_check                 0x08009839   Thumb Code    46  spi.o(.text)
    spi_tx_check_busy                        0x08009867   Thumb Code   108  spi.o(.text)
    spi_tx_end                               0x080098d3   Thumb Code   124  spi.o(.text)
    spi_tx_start                             0x0800994f   Thumb Code   200  spi.o(.text)
    spi_rx                                   0x08009acd   Thumb Code   362  spi.o(.text)
    spi_rx_wait                              0x08009c37   Thumb Code   170  spi.o(.text)
    .text                                    0x08009d78   Section        0  memseta.o(.text)
    .text                                    0x08009d9c   Section        0  strlen.o(.text)
    .text                                    0x08009daa   Section        0  strcmp.o(.text)
    .text                                    0x08009dc6   Section        0  memcmp.o(.text)
    .text                                    0x08009de0   Section       36  init.o(.text)
    .text                                    0x08009e04   Section        0  __dczerorl2.o(.text)
    i.__scatterload_copy                     0x08009e60   Section       14  handlers.o(i.__scatterload_copy)
    i.__scatterload_null                     0x08009e6e   Section        2  handlers.o(i.__scatterload_null)
    i.__scatterload_zeroinit                 0x08009e70   Section       14  handlers.o(i.__scatterload_zeroinit)
    .constdata                               0x08009e7e   Section       50  app_control.o(.constdata)
    F2C_table                                0x08009e7e   Data          32  app_control.o(.constdata)
    C2F_table                                0x08009e9e   Data          18  app_control.o(.constdata)
    .constdata                               0x08009eb0   Section       32  crc16.o(.constdata)
    crc16_table                              0x08009eb0   Data          32  crc16.o(.constdata)
    .constdata                               0x08009ed0   Section      129  ctype_o.o(.constdata)
    .constdata                               0x08009f54   Section        4  ctype_o.o(.constdata)
    table                                    0x08009f54   Data           4  ctype_o.o(.constdata)
    .conststring                             0x08009f58   Section      270  sac_property.o(.conststring)
    .data                                    0x20000000   Section        1  app_main.o(.data)
    factory_reset                            0x20000000   Data           1  app_main.o(.data)
    .data                                    0x20000004   Section       21  app_control.o(.data)
    rx_prv_55                                0x20000010   Data           1  app_control.o(.data)
    rx_prv_fe                                0x20000011   Data           1  app_control.o(.data)
    p_rx                                     0x20000014   Data           4  app_control.o(.data)
    com_timeout_cnt                          0x20000018   Data           1  app_control.o(.data)
    .data                                    0x2000001c   Section     1101  sac_property.o(.data)
    .data                                    0x2000046c   Section       18  sac_control.o(.data)
    inquire_interval                         0x2000046c   Data           4  sac_control.o(.data)
    msg                                      0x20000470   Data           2  sac_control.o(.data)
    prop_id                                  0x20000472   Data           2  sac_control.o(.data)
    arg                                      0x20000474   Data           4  sac_control.o(.data)
    frm_len                                  0x20000478   Data           4  sac_control.o(.data)
    retry                                    0x2000047c   Data           1  sac_control.o(.data)
    retry_cnt                                0x2000047d   Data           1  sac_control.o(.data)
    .data                                    0x20000480   Section       12  stm32.o(.data)
    .data                                    0x2000048c   Section       20  system_stm32f10x.o(.data)
    .data                                    0x200004a0   Section       20  stm32f10x_rcc.o(.data)
    APBAHBPrescTable                         0x200004a0   Data          16  stm32f10x_rcc.o(.data)
    ADCPrescTable                            0x200004b0   Data           4  stm32f10x_rcc.o(.data)
    .data                                    0x200004b4   Section       24  props.o(.data)
    prop_active                              0x200004b4   Data           4  props.o(.data)
    prop_request_all                         0x200004b9   Data           1  props.o(.data)
    prop_request_all_req_id                  0x200004ba   Data           2  props.o(.data)
    send_ads_listen_cmd                      0x200004bc   Data           1  props.o(.data)
    prop_retry                               0x200004c0   Data           4  props.o(.data)
    prop_retry_is_resp                       0x200004c4   Data           1  props.o(.data)
    prop_retry_arg                           0x200004c8   Data           4  props.o(.data)
    .data                                    0x200004cc   Section       16  serial_msg.o(.data)
    serial_msg_next_off                      0x200004d0   Data           4  serial_msg.o(.data)
    serial_msg_tot_size                      0x200004d4   Data           4  serial_msg.o(.data)
    serial_pri                               0x200004d8   Data           4  serial_msg.o(.data)
    .data                                    0x200004dc   Section       12  demo_stream.o(.data)
    stream_down_patt_match                   0x200004dc   Data           1  demo_stream.o(.data)
    .data                                    0x200004e8   Section       25  demo_img_mgmt.o(.data)
    tmpl_registered                          0x200004e8   Data           4  demo_img_mgmt.o(.data)
    tmp                                      0x200004ec   Data           4  demo_img_mgmt.o(.data)
    inactive_vers                            0x200004f0   Data           4  demo_img_mgmt.o(.data)
    image_size                               0x200004f8   Data           4  demo_img_mgmt.o(.data)
    cur_off                                  0x200004fc   Data           4  demo_img_mgmt.o(.data)
    .data                                    0x20000504   Section       20  conf_access.o(.data)
    conf_mod_ota_cmd                         0x20000508   Data           1  conf_access.o(.data)
    conf_cb                                  0x2000050c   Data           4  conf_access.o(.data)
    .data                                    0x20000518   Section       14  host_ota.o(.data)
    host_ota_cmd                             0x20000524   Data           1  host_ota.o(.data)
    host_ota_status                          0x20000525   Data           1  host_ota.o(.data)
    .data                                    0x20000528   Section       72  clock_utils.o(.data)
    mdays                                    0x20000528   Data          12  clock_utils.o(.data)
    mdays                                    0x20000534   Data          12  clock_utils.o(.data)
    mdays                                    0x20000540   Data          12  clock_utils.o(.data)
    mdays                                    0x2000054c   Data          12  clock_utils.o(.data)
    mdays                                    0x20000558   Data          12  clock_utils.o(.data)
    .data                                    0x20000570   Section        8  sched.o(.data)
    .data                                    0x20000578   Section        5  prop_dp.o(.data)
    .data                                    0x2000057e   Section        6  spi.o(.data)
    spi_dev                                  0x2000057e   Data           6  spi.o(.data)
    .bss                                     0x20000584   Section     2570  app_main.o(.bss)
    .bss                                     0x20000f90   Section      268  app_property.o(.bss)
    .bss                                     0x2000109c   Section      772  app_control.o(.bss)
    msg_que                                  0x2000129c   Data         260  app_control.o(.bss)
    .bss                                     0x200013a0   Section       32  sac_property.o(.bss)
    .bss                                     0x200013c0   Section       12  stm32.o(.bss)
    stm32_button                             0x200013c0   Data          12  stm32.o(.bss)
    .bss                                     0x200013cc   Section     1062  serial_msg.o(.bss)
    serial_send_arg                          0x200013cc   Data          12  serial_msg.o(.bss)
    serial_msg_pkt                           0x200013d8   Data        1025  serial_msg.o(.bss)
    .bss                                     0x200017f4   Section      184  demo_stream.o(.bss)
    .bss                                     0x200018ac   Section       40  conf_access.o(.bss)
    .bss                                     0x200018d4   Section       20  prop_dp.o(.bss)
    .bss                                     0x200018e8   Section      804  spi.o(.bss)
    spi_rx_buf                               0x200018e8   Data         384  spi.o(.bss)
    spi_tx_buf                               0x20001a68   Data         384  spi.o(.bss)
    spi_stats                                0x20001be8   Data          36  spi.o(.bss)
    STACK                                    0x20001c10   Section     1024  startup_stm32f10x_md.o(STACK)

    Global Symbols

    Symbol Name                              Value     Ov Type        Size  Object(Section)

    BuildAttributes$$THM_ISAv4$P$D$K$B$S$PE$A:L22UL41UL21$X:L11$S22US41US21$IEEE1$IW$USESV6$~STKCKD$USESV7$~SHL$OSPACE$EBA8$MICROLIB$REQ8$PRES8$EABIv2 0x00000000   Number         0  anon$$obj.o ABSOLUTE
    __ARM_use_no_argv                        0x00000000   Number         0  app_main.o ABSOLUTE
    __cpp_initialize__aeabi_                  - Undefined Weak Reference
    __cxa_finalize                            - Undefined Weak Reference
    _clock_init                               - Undefined Weak Reference
    _microlib_exit                            - Undefined Weak Reference
    __Vectors_Size                           0x000000ec   Number         0  startup_stm32f10x_md.o ABSOLUTE
    __Vectors                                0x08002000   Data           4  startup_stm32f10x_md.o(RESET)
    __Vectors_End                            0x080020ec   Data           0  startup_stm32f10x_md.o(RESET)
    __main                                   0x080020ed   Thumb Code     0  entry.o(.ARM.Collect$$$$00000000)
    _main_stk                                0x080020ed   Thumb Code     0  entry2.o(.ARM.Collect$$$$00000001)
    _main_scatterload                        0x080020f1   Thumb Code     0  entry5.o(.ARM.Collect$$$$00000004)
    __main_after_scatterload                 0x080020f5   Thumb Code     0  entry5.o(.ARM.Collect$$$$00000004)
    _main_clock                              0x080020f5   Thumb Code     0  entry7b.o(.ARM.Collect$$$$00000008)
    _main_cpp_init                           0x080020f5   Thumb Code     0  entry8b.o(.ARM.Collect$$$$0000000A)
    _main_init                               0x080020f5   Thumb Code     0  entry9a.o(.ARM.Collect$$$$0000000B)
    __rt_final_cpp                           0x080020fd   Thumb Code     0  entry10a.o(.ARM.Collect$$$$0000000D)
    __rt_final_exit                          0x080020fd   Thumb Code     0  entry11a.o(.ARM.Collect$$$$0000000F)
    Reset_Handler                            0x08002101   Thumb Code     8  startup_stm32f10x_md.o(.text)
    NMI_Handler                              0x08002109   Thumb Code     2  startup_stm32f10x_md.o(.text)
    HardFault_Handler                        0x0800210b   Thumb Code     2  startup_stm32f10x_md.o(.text)
    MemManage_Handler                        0x0800210d   Thumb Code     2  startup_stm32f10x_md.o(.text)
    BusFault_Handler                         0x0800210f   Thumb Code     2  startup_stm32f10x_md.o(.text)
    UsageFault_Handler                       0x08002111   Thumb Code     2  startup_stm32f10x_md.o(.text)
    SVC_Handler                              0x08002113   Thumb Code     2  startup_stm32f10x_md.o(.text)
    DebugMon_Handler                         0x08002115   Thumb Code     2  startup_stm32f10x_md.o(.text)
    PendSV_Handler                           0x08002117   Thumb Code     2  startup_stm32f10x_md.o(.text)
    ADC1_2_IRQHandler                        0x0800211b   Thumb Code     0  startup_stm32f10x_md.o(.text)
    CAN1_RX1_IRQHandler                      0x0800211b   Thumb Code     0  startup_stm32f10x_md.o(.text)
    CAN1_SCE_IRQHandler                      0x0800211b   Thumb Code     0  startup_stm32f10x_md.o(.text)
    DMA1_Channel1_IRQHandler                 0x0800211b   Thumb Code     0  startup_stm32f10x_md.o(.text)
    DMA1_Channel2_IRQHandler                 0x0800211b   Thumb Code     0  startup_stm32f10x_md.o(.text)
    DMA1_Channel3_IRQHandler                 0x0800211b   Thumb Code     0  startup_stm32f10x_md.o(.text)
    DMA1_Channel4_IRQHandler                 0x0800211b   Thumb Code     0  startup_stm32f10x_md.o(.text)
    DMA1_Channel5_IRQHandler                 0x0800211b   Thumb Code     0  startup_stm32f10x_md.o(.text)
    DMA1_Channel6_IRQHandler                 0x0800211b   Thumb Code     0  startup_stm32f10x_md.o(.text)
    DMA1_Channel7_IRQHandler                 0x0800211b   Thumb Code     0  startup_stm32f10x_md.o(.text)
    EXTI1_IRQHandler                         0x0800211b   Thumb Code     0  startup_stm32f10x_md.o(.text)
    EXTI2_IRQHandler                         0x0800211b   Thumb Code     0  startup_stm32f10x_md.o(.text)
    EXTI3_IRQHandler                         0x0800211b   Thumb Code     0  startup_stm32f10x_md.o(.text)
    EXTI4_IRQHandler                         0x0800211b   Thumb Code     0  startup_stm32f10x_md.o(.text)
    EXTI9_5_IRQHandler                       0x0800211b   Thumb Code     0  startup_stm32f10x_md.o(.text)
    FLASH_IRQHandler                         0x0800211b   Thumb Code     0  startup_stm32f10x_md.o(.text)
    I2C1_ER_IRQHandler                       0x0800211b   Thumb Code     0  startup_stm32f10x_md.o(.text)
    I2C1_EV_IRQHandler                       0x0800211b   Thumb Code     0  startup_stm32f10x_md.o(.text)
    I2C2_ER_IRQHandler                       0x0800211b   Thumb Code     0  startup_stm32f10x_md.o(.text)
    I2C2_EV_IRQHandler                       0x0800211b   Thumb Code     0  startup_stm32f10x_md.o(.text)
    PVD_IRQHandler                           0x0800211b   Thumb Code     0  startup_stm32f10x_md.o(.text)
    RCC_IRQHandler                           0x0800211b   Thumb Code     0  startup_stm32f10x_md.o(.text)
    RTCAlarm_IRQHandler                      0x0800211b   Thumb Code     0  startup_stm32f10x_md.o(.text)
    RTC_IRQHandler                           0x0800211b   Thumb Code     0  startup_stm32f10x_md.o(.text)
    SPI1_IRQHandler                          0x0800211b   Thumb Code     0  startup_stm32f10x_md.o(.text)
    SPI2_IRQHandler                          0x0800211b   Thumb Code     0  startup_stm32f10x_md.o(.text)
    TAMPER_IRQHandler                        0x0800211b   Thumb Code     0  startup_stm32f10x_md.o(.text)
    TIM1_BRK_IRQHandler                      0x0800211b   Thumb Code     0  startup_stm32f10x_md.o(.text)
    TIM1_CC_IRQHandler                       0x0800211b   Thumb Code     0  startup_stm32f10x_md.o(.text)
    TIM1_TRG_COM_IRQHandler                  0x0800211b   Thumb Code     0  startup_stm32f10x_md.o(.text)
    TIM1_UP_IRQHandler                       0x0800211b   Thumb Code     0  startup_stm32f10x_md.o(.text)
    TIM2_IRQHandler                          0x0800211b   Thumb Code     0  startup_stm32f10x_md.o(.text)
    TIM3_IRQHandler                          0x0800211b   Thumb Code     0  startup_stm32f10x_md.o(.text)
    TIM4_IRQHandler                          0x0800211b   Thumb Code     0  startup_stm32f10x_md.o(.text)
    USART2_IRQHandler                        0x0800211b   Thumb Code     0  startup_stm32f10x_md.o(.text)
    USART3_IRQHandler                        0x0800211b   Thumb Code     0  startup_stm32f10x_md.o(.text)
    USBWakeUp_IRQHandler                     0x0800211b   Thumb Code     0  startup_stm32f10x_md.o(.text)
    USB_HP_CAN1_TX_IRQHandler                0x0800211b   Thumb Code     0  startup_stm32f10x_md.o(.text)
    USB_LP_CAN1_RX0_IRQHandler               0x0800211b   Thumb Code     0  startup_stm32f10x_md.o(.text)
    WWDG_IRQHandler                          0x0800211b   Thumb Code     0  startup_stm32f10x_md.o(.text)
    __rt_ctype_table                         0x08002125   Thumb Code     4  ctype_o.o(.text)
    __aeabi_memcpy                           0x0800212d   Thumb Code    36  memcpya.o(.text)
    __aeabi_memcpy4                          0x0800212d   Thumb Code     0  memcpya.o(.text)
    __aeabi_memcpy8                          0x0800212d   Thumb Code     0  memcpya.o(.text)
    __img_hdr                                0x08002150   Data           8  app_main.o(.ARM.__AT_0x08002150)
    version                                  0x08002158   Data          72  app_main.o(.ARM.__AT_0x08002158)
    set_schedule                             0x0800220f   Thumb Code    46  app_main.o(.text)
    send_version                             0x0800223d   Thumb Code    28  app_main.o(.text)
    demo_set_button_state                    0x08002259   Thumb Code     2  app_main.o(.text)
    main                                     0x0800225b   Thumb Code   214  app_main.o(.text)
    calccrc                                  0x080023b3   Thumb Code    42  app_protocol_i.o(.text)
    qioucrc16                                0x080023dd   Thumb Code    52  app_protocol_i.o(.text)
    parse_frame                              0x08002411   Thumb Code   140  app_protocol_i.o(.text)
    build_frame                              0x0800249d   Thumb Code   284  app_protocol_i.o(.text)
    app_param_set_ack_cmd                    0x0800260f   Thumb Code    52  app_property.o(.text)
    app_param_set_device_info                0x08002643   Thumb Code    68  app_property.o(.text)
    app_param_set_custom_scene               0x08002687   Thumb Code    44  app_property.o(.text)
    com_rx_hdl                               0x08002737   Thumb Code   764  app_control.o(.text)
    com_rx_start                             0x08002a33   Thumb Code    32  app_control.o(.text)
    com_tx_start                             0x08002a53   Thumb Code   238  app_control.o(.text)
    com_err_reset                            0x08002b41   Thumb Code     8  app_control.o(.text)
    com_err_handle                           0x08002b49   Thumb Code    54  app_control.o(.text)
    com_init                                 0x08002b7f   Thumb Code    28  app_control.o(.text)
    msg_queue_init                           0x08002b9b   Thumb Code    30  app_control.o(.text)
    msg_queue_put                            0x08002bb9   Thumb Code    82  app_control.o(.text)
    msg_queue_get                            0x08002c0b   Thumb Code    94  app_control.o(.text)
    app_init                                 0x08002c69   Thumb Code    24  app_control.o(.text)
    app_poll                                 0x08002c81   Thumb Code     8  app_control.o(.text)
    delay_10ms                               0x08002c89   Thumb Code    18  app_control.o(.text)
    f2c                                      0x08002c9b   Thumb Code    24  app_control.o(.text)
    c2f                                      0x08002cb3   Thumb Code    24  app_control.o(.text)
    NVIC_Configuration                       0x08002d57   Thumb Code    36  app_uart.o(.text)
    UART1_GPIO_Configuration                 0x08002d7b   Thumb Code    70  app_uart.o(.text)
    USART_Configuration                      0x08002dc1   Thumb Code    70  app_uart.o(.text)
    USART1_IRQHandler                        0x08002e07   Thumb Code    82  app_uart.o(.text)
    dooya_get_status                         0x08002ef3   Thumb Code   142  sac_protocol_i.o(.text)
    dooya_get_error                          0x08002f81   Thumb Code    38  sac_protocol_i.o(.text)
    sac_param_set_status                     0x08003023   Thumb Code    38  sac_property.o(.text)
    sac_param_set_delete_route               0x08003049   Thumb Code    38  sac_property.o(.text)
    sac_param_set_reset_factory              0x0800306f   Thumb Code    38  sac_property.o(.text)
    sac_param_set_present                    0x08003095   Thumb Code    38  sac_property.o(.text)
    sac_param_set_direction                  0x080030bb   Thumb Code    38  sac_property.o(.text)
    sac_param_set_hand_pull                  0x080030e1   Thumb Code    38  sac_property.o(.text)
    sac_param_set_up_route                   0x08003107   Thumb Code    36  sac_property.o(.text)
    sac_param_set_down_route                 0x0800312b   Thumb Code    38  sac_property.o(.text)
    sac_param_set_device_info                0x08003151   Thumb Code    46  sac_property.o(.text)
    custom_init                              0x080031eb   Thumb Code    20  sac_control.o(.text)
    custom_poll                              0x080031ff   Thumb Code   280  sac_control.o(.text)
    mcu_io_init                              0x080033b7   Thumb Code   200  mcu_io.o(.text)
    spi_platform_init                        0x08003503   Thumb Code   204  spi_platform.o(.text)
    spi_platform_intr_init                   0x080035cf   Thumb Code    72  spi_platform.o(.text)
    spi_platform_slave_select                0x08003617   Thumb Code    16  spi_platform.o(.text)
    spi_platform_slave_deselect              0x08003627   Thumb Code    20  spi_platform.o(.text)
    spi_platform_io                          0x08003677   Thumb Code    16  spi_platform.o(.text)
    spi_platform_io_crc                      0x08003687   Thumb Code    76  spi_platform.o(.text)
    spi_platform_crc_en                      0x080036d3   Thumb Code    20  spi_platform.o(.text)
    spi_platform_crc_err                     0x080036e7   Thumb Code    40  spi_platform.o(.text)
    EXTI15_10_IRQHandler                     0x0800370f   Thumb Code    36  spi_platform.o(.text)
    spi_platform_rx_pending                  0x08003733   Thumb Code    26  spi_platform.o(.text)
    stm32_delay_time                         0x080037c7   Thumb Code    40  stm32.o(.text)
    stm32_reset_module                       0x080037ef   Thumb Code    40  stm32.o(.text)
    stm32_ready                              0x0800382d   Thumb Code    26  stm32.o(.text)
    stm32_get_led                            0x08003847   Thumb Code    18  stm32.o(.text)
    stm32_set_led                            0x08003859   Thumb Code    18  stm32.o(.text)
    stm32_set_factory_rst_led                0x0800386b   Thumb Code    20  stm32.o(.text)
    EXTI0_IRQHandler                         0x08003931   Thumb Code    36  stm32.o(.text)
    SysTick_Handler                          0x08003955   Thumb Code   100  stm32.o(.text)
    stm32_factory_reset_detect               0x080039b9   Thumb Code    86  stm32.o(.text)
    stm32_init                               0x08003a0f   Thumb Code    12  stm32.o(.text)
    SystemInit                               0x08003b15   Thumb Code    78  system_stm32f10x.o(.text)
    SystemCoreClockUpdate                    0x08003b63   Thumb Code   142  system_stm32f10x.o(.text)
    EXTI_DeInit                              0x08003c15   Thumb Code    28  stm32f10x_exti.o(.text)
    EXTI_Init                                0x08003c31   Thumb Code   142  stm32f10x_exti.o(.text)
    EXTI_StructInit                          0x08003cbf   Thumb Code    16  stm32f10x_exti.o(.text)
    EXTI_GenerateSWInterrupt                 0x08003ccf   Thumb Code    16  stm32f10x_exti.o(.text)
    EXTI_GetFlagStatus                       0x08003cdf   Thumb Code    22  stm32f10x_exti.o(.text)
    EXTI_ClearFlag                           0x08003cf5   Thumb Code     8  stm32f10x_exti.o(.text)
    EXTI_GetITStatus                         0x08003cfd   Thumb Code    34  stm32f10x_exti.o(.text)
    EXTI_ClearITPendingBit                   0x08003d1f   Thumb Code     8  stm32f10x_exti.o(.text)
    GPIO_DeInit                              0x08003d31   Thumb Code   172  stm32f10x_gpio.o(.text)
    GPIO_AFIODeInit                          0x08003ddd   Thumb Code    20  stm32f10x_gpio.o(.text)
    GPIO_Init                                0x08003df1   Thumb Code   274  stm32f10x_gpio.o(.text)
    GPIO_StructInit                          0x08003f03   Thumb Code    16  stm32f10x_gpio.o(.text)
    GPIO_ReadInputDataBit                    0x08003f13   Thumb Code    18  stm32f10x_gpio.o(.text)
    GPIO_ReadInputData                       0x08003f25   Thumb Code     8  stm32f10x_gpio.o(.text)
    GPIO_ReadOutputDataBit                   0x08003f2d   Thumb Code    18  stm32f10x_gpio.o(.text)
    GPIO_ReadOutputData                      0x08003f3f   Thumb Code     8  stm32f10x_gpio.o(.text)
    GPIO_SetBits                             0x08003f47   Thumb Code     4  stm32f10x_gpio.o(.text)
    GPIO_ResetBits                           0x08003f4b   Thumb Code     4  stm32f10x_gpio.o(.text)
    GPIO_WriteBit                            0x08003f4f   Thumb Code    10  stm32f10x_gpio.o(.text)
    GPIO_Write                               0x08003f59   Thumb Code     4  stm32f10x_gpio.o(.text)
    GPIO_PinLockConfig                       0x08003f5d   Thumb Code    18  stm32f10x_gpio.o(.text)
    GPIO_EventOutputConfig                   0x08003f6f   Thumb Code    26  stm32f10x_gpio.o(.text)
    GPIO_EventOutputCmd                      0x08003f89   Thumb Code     6  stm32f10x_gpio.o(.text)
    GPIO_PinRemapConfig                      0x08003f8f   Thumb Code   138  stm32f10x_gpio.o(.text)
    GPIO_EXTILineConfig                      0x08004019   Thumb Code    66  stm32f10x_gpio.o(.text)
    GPIO_ETH_MediaInterfaceConfig            0x0800405b   Thumb Code     6  stm32f10x_gpio.o(.text)
    RCC_DeInit                               0x08004089   Thumb Code    64  stm32f10x_rcc.o(.text)
    RCC_HSEConfig                            0x080040c9   Thumb Code    70  stm32f10x_rcc.o(.text)
    RCC_GetFlagStatus                        0x0800410f   Thumb Code    56  stm32f10x_rcc.o(.text)
    RCC_WaitForHSEStartUp                    0x08004147   Thumb Code    56  stm32f10x_rcc.o(.text)
    RCC_AdjustHSICalibrationValue            0x0800417f   Thumb Code    20  stm32f10x_rcc.o(.text)
    RCC_HSICmd                               0x08004193   Thumb Code     6  stm32f10x_rcc.o(.text)
    RCC_PLLConfig                            0x08004199   Thumb Code    24  stm32f10x_rcc.o(.text)
    RCC_PLLCmd                               0x080041b1   Thumb Code     6  stm32f10x_rcc.o(.text)
    RCC_SYSCLKConfig                         0x080041b7   Thumb Code    18  stm32f10x_rcc.o(.text)
    RCC_GetSYSCLKSource                      0x080041c9   Thumb Code    10  stm32f10x_rcc.o(.text)
    RCC_HCLKConfig                           0x080041d3   Thumb Code    18  stm32f10x_rcc.o(.text)
    RCC_PCLK1Config                          0x080041e5   Thumb Code    18  stm32f10x_rcc.o(.text)
    RCC_PCLK2Config                          0x080041f7   Thumb Code    20  stm32f10x_rcc.o(.text)
    RCC_ITConfig                             0x0800420b   Thumb Code    26  stm32f10x_rcc.o(.text)
    RCC_USBCLKConfig                         0x08004225   Thumb Code     6  stm32f10x_rcc.o(.text)
    RCC_ADCCLKConfig                         0x0800422b   Thumb Code    18  stm32f10x_rcc.o(.text)
    RCC_LSEConfig                            0x0800423d   Thumb Code    44  stm32f10x_rcc.o(.text)
    RCC_LSICmd                               0x08004269   Thumb Code     6  stm32f10x_rcc.o(.text)
    RCC_RTCCLKConfig                         0x0800426f   Thumb Code    12  stm32f10x_rcc.o(.text)
    RCC_RTCCLKCmd                            0x0800427b   Thumb Code     8  stm32f10x_rcc.o(.text)
    RCC_GetClocksFreq                        0x08004283   Thumb Code   192  stm32f10x_rcc.o(.text)
    RCC_AHBPeriphClockCmd                    0x08004343   Thumb Code    26  stm32f10x_rcc.o(.text)
    RCC_APB2PeriphClockCmd                   0x0800435d   Thumb Code    26  stm32f10x_rcc.o(.text)
    RCC_APB1PeriphClockCmd                   0x08004377   Thumb Code    26  stm32f10x_rcc.o(.text)
    RCC_APB2PeriphResetCmd                   0x08004391   Thumb Code    26  stm32f10x_rcc.o(.text)
    RCC_APB1PeriphResetCmd                   0x080043ab   Thumb Code    26  stm32f10x_rcc.o(.text)
    RCC_BackupResetCmd                       0x080043c5   Thumb Code     8  stm32f10x_rcc.o(.text)
    RCC_ClockSecuritySystemCmd               0x080043cd   Thumb Code     6  stm32f10x_rcc.o(.text)
    RCC_MCOConfig                            0x080043d3   Thumb Code     6  stm32f10x_rcc.o(.text)
    RCC_ClearFlag                            0x080043d9   Thumb Code    14  stm32f10x_rcc.o(.text)
    RCC_GetITStatus                          0x080043e7   Thumb Code    20  stm32f10x_rcc.o(.text)
    RCC_ClearITPendingBit                    0x080043fb   Thumb Code     6  stm32f10x_rcc.o(.text)
    NVIC_PriorityGroupConfig                 0x0800442d   Thumb Code    10  misc.o(.text)
    NVIC_Init                                0x08004437   Thumb Code   102  misc.o(.text)
    NVIC_SetVectorTable                      0x0800449d   Thumb Code    14  misc.o(.text)
    NVIC_SystemLPConfig                      0x080044ab   Thumb Code    34  misc.o(.text)
    SysTick_CLKSourceConfig                  0x080044cd   Thumb Code    40  misc.o(.text)
    SPI_I2S_DeInit                           0x08004509   Thumb Code    76  stm32f10x_spi.o(.text)
    SPI_Init                                 0x08004555   Thumb Code    60  stm32f10x_spi.o(.text)
    I2S_Init                                 0x08004591   Thumb Code   226  stm32f10x_spi.o(.text)
    SPI_StructInit                           0x08004673   Thumb Code    24  stm32f10x_spi.o(.text)
    I2S_StructInit                           0x0800468b   Thumb Code    20  stm32f10x_spi.o(.text)
    SPI_Cmd                                  0x0800469f   Thumb Code    24  stm32f10x_spi.o(.text)
    I2S_Cmd                                  0x080046b7   Thumb Code    24  stm32f10x_spi.o(.text)
    SPI_I2S_ITConfig                         0x080046cf   Thumb Code    32  stm32f10x_spi.o(.text)
    SPI_I2S_DMACmd                           0x080046ef   Thumb Code    18  stm32f10x_spi.o(.text)
    SPI_I2S_SendData                         0x08004701   Thumb Code     4  stm32f10x_spi.o(.text)
    SPI_I2S_ReceiveData                      0x08004705   Thumb Code     6  stm32f10x_spi.o(.text)
    SPI_NSSInternalSoftwareConfig            0x0800470b   Thumb Code    30  stm32f10x_spi.o(.text)
    SPI_SSOutputCmd                          0x08004729   Thumb Code    24  stm32f10x_spi.o(.text)
    SPI_DataSizeConfig                       0x08004741   Thumb Code    18  stm32f10x_spi.o(.text)
    SPI_TransmitCRC                          0x08004753   Thumb Code    10  stm32f10x_spi.o(.text)
    SPI_CalculateCRC                         0x0800475d   Thumb Code    24  stm32f10x_spi.o(.text)
    SPI_GetCRC                               0x08004775   Thumb Code    16  stm32f10x_spi.o(.text)
    SPI_GetCRCPolynomial                     0x08004785   Thumb Code     6  stm32f10x_spi.o(.text)
    SPI_BiDirectionalLineConfig              0x0800478b   Thumb Code    28  stm32f10x_spi.o(.text)
    SPI_I2S_GetFlagStatus                    0x080047a7   Thumb Code    18  stm32f10x_spi.o(.text)
    SPI_I2S_ClearFlag                        0x080047b9   Thumb Code     6  stm32f10x_spi.o(.text)
    SPI_I2S_GetITStatus                      0x080047bf   Thumb Code    52  stm32f10x_spi.o(.text)
    SPI_I2S_ClearITPendingBit                0x080047f3   Thumb Code    20  stm32f10x_spi.o(.text)
    FLASH_SetLatency                         0x08004815   Thumb Code    18  stm32f10x_flash.o(.text)
    FLASH_HalfCycleAccessCmd                 0x08004827   Thumb Code    22  stm32f10x_flash.o(.text)
    FLASH_PrefetchBufferCmd                  0x0800483d   Thumb Code    22  stm32f10x_flash.o(.text)
    FLASH_Unlock                             0x08004853   Thumb Code    12  stm32f10x_flash.o(.text)
    FLASH_UnlockBank1                        0x0800485f   Thumb Code    12  stm32f10x_flash.o(.text)
    FLASH_Lock                               0x0800486b   Thumb Code    14  stm32f10x_flash.o(.text)
    FLASH_LockBank1                          0x08004879   Thumb Code    14  stm32f10x_flash.o(.text)
    FLASH_GetBank1Status                     0x08004887   Thumb Code    48  stm32f10x_flash.o(.text)
    FLASH_WaitForLastOperation               0x080048b7   Thumb Code    38  stm32f10x_flash.o(.text)
    FLASH_ErasePage                          0x080048dd   Thumb Code    72  stm32f10x_flash.o(.text)
    FLASH_EraseAllPages                      0x08004925   Thumb Code    68  stm32f10x_flash.o(.text)
    FLASH_WaitForLastBank1Operation          0x08004969   Thumb Code    38  stm32f10x_flash.o(.text)
    FLASH_EraseAllBank1Pages                 0x0800498f   Thumb Code    68  stm32f10x_flash.o(.text)
    FLASH_GetReadOutProtectionStatus         0x080049d3   Thumb Code    20  stm32f10x_flash.o(.text)
    FLASH_EraseOptionBytes                   0x080049e7   Thumb Code   150  stm32f10x_flash.o(.text)
    FLASH_ProgramWord                        0x08004a7d   Thumb Code   102  stm32f10x_flash.o(.text)
    FLASH_ProgramHalfWord                    0x08004ae3   Thumb Code    60  stm32f10x_flash.o(.text)
    FLASH_ProgramOptionByteData              0x08004b1f   Thumb Code    72  stm32f10x_flash.o(.text)
    FLASH_EnableWriteProtection              0x08004b67   Thumb Code   200  stm32f10x_flash.o(.text)
    FLASH_ReadOutProtection                  0x08004c2f   Thumb Code   156  stm32f10x_flash.o(.text)
    FLASH_UserOptionByteConfig               0x08004ccb   Thumb Code    88  stm32f10x_flash.o(.text)
    FLASH_GetUserOptionByte                  0x08004d23   Thumb Code     8  stm32f10x_flash.o(.text)
    FLASH_GetWriteProtectionOptionByte       0x08004d2b   Thumb Code     6  stm32f10x_flash.o(.text)
    FLASH_GetPrefetchBufferStatus            0x08004d31   Thumb Code    20  stm32f10x_flash.o(.text)
    FLASH_ITConfig                           0x08004d45   Thumb Code    26  stm32f10x_flash.o(.text)
    FLASH_GetFlagStatus                      0x08004d5f   Thumb Code    42  stm32f10x_flash.o(.text)
    FLASH_ClearFlag                          0x08004d89   Thumb Code     6  stm32f10x_flash.o(.text)
    FLASH_GetStatus                          0x08004d8f   Thumb Code    48  stm32f10x_flash.o(.text)
    USART_DeInit                             0x08004dd1   Thumb Code   134  stm32f10x_usart.o(.text)
    USART_Init                               0x08004e57   Thumb Code   210  stm32f10x_usart.o(.text)
    USART_StructInit                         0x08004f29   Thumb Code    24  stm32f10x_usart.o(.text)
    USART_ClockInit                          0x08004f41   Thumb Code    34  stm32f10x_usart.o(.text)
    USART_ClockStructInit                    0x08004f63   Thumb Code    12  stm32f10x_usart.o(.text)
    USART_Cmd                                0x08004f6f   Thumb Code    24  stm32f10x_usart.o(.text)
    USART_ITConfig                           0x08004f87   Thumb Code    74  stm32f10x_usart.o(.text)
    USART_DMACmd                             0x08004fd1   Thumb Code    18  stm32f10x_usart.o(.text)
    USART_SetAddress                         0x08004fe3   Thumb Code    18  stm32f10x_usart.o(.text)
    USART_WakeUpConfig                       0x08004ff5   Thumb Code    18  stm32f10x_usart.o(.text)
    USART_ReceiverWakeUpCmd                  0x08005007   Thumb Code    24  stm32f10x_usart.o(.text)
    USART_LINBreakDetectLengthConfig         0x0800501f   Thumb Code    18  stm32f10x_usart.o(.text)
    USART_LINCmd                             0x08005031   Thumb Code    24  stm32f10x_usart.o(.text)
    USART_SendData                           0x08005049   Thumb Code     8  stm32f10x_usart.o(.text)
    USART_ReceiveData                        0x08005051   Thumb Code    10  stm32f10x_usart.o(.text)
    USART_SendBreak                          0x0800505b   Thumb Code    10  stm32f10x_usart.o(.text)
    USART_SetGuardTime                       0x08005065   Thumb Code    16  stm32f10x_usart.o(.text)
    USART_SetPrescaler                       0x08005075   Thumb Code    16  stm32f10x_usart.o(.text)
    USART_SmartCardCmd                       0x08005085   Thumb Code    24  stm32f10x_usart.o(.text)
    USART_SmartCardNACKCmd                   0x0800509d   Thumb Code    24  stm32f10x_usart.o(.text)
    USART_HalfDuplexCmd                      0x080050b5   Thumb Code    24  stm32f10x_usart.o(.text)
    USART_OverSampling8Cmd                   0x080050cd   Thumb Code    22  stm32f10x_usart.o(.text)
    USART_OneBitMethodCmd                    0x080050e3   Thumb Code    24  stm32f10x_usart.o(.text)
    USART_IrDAConfig                         0x080050fb   Thumb Code    18  stm32f10x_usart.o(.text)
    USART_IrDACmd                            0x0800510d   Thumb Code    24  stm32f10x_usart.o(.text)
    USART_GetFlagStatus                      0x08005125   Thumb Code    26  stm32f10x_usart.o(.text)
    USART_ClearFlag                          0x0800513f   Thumb Code    18  stm32f10x_usart.o(.text)
    USART_GetITStatus                        0x08005151   Thumb Code    84  stm32f10x_usart.o(.text)
    USART_ClearITPendingBit                  0x080051a5   Thumb Code    52  stm32f10x_usart.o(.text)
    get_ua_with_len                          0x08005273   Thumb Code    60  byte_order.o(.text)
    crc16                                    0x0800530f   Thumb Code    54  crc16.o(.text)
    prop_lookup                              0x0800539f   Thumb Code    34  props.o(.text)
    prop_send_req                            0x080053c1   Thumb Code    22  props.o(.text)
    prop_send_req_to_ads_only                0x080053d7   Thumb Code    22  props.o(.text)
    prop_lookup_len                          0x080053ed   Thumb Code    56  props.o(.text)
    prop_send                                0x08005425   Thumb Code    40  props.o(.text)
    prop_send_generic                        0x0800544d   Thumb Code    94  props.o(.text)
    prop_request_value                       0x080054ab   Thumb Code    56  props.o(.text)
    prop_swap                                0x080054e3   Thumb Code    74  props.o(.text)
    prop_notify_failure                      0x0800552d   Thumb Code   152  props.o(.text)
    prop_send_done                           0x080055c5   Thumb Code    42  props.o(.text)
    prop_setup_retry                         0x080055ef   Thumb Code    14  props.o(.text)
    prop_is_busy                             0x080055fd   Thumb Code    24  props.o(.text)
    prop_poll                                0x08005615   Thumb Code   450  props.o(.text)
    prop_pending                             0x080057d7   Thumb Code    56  props.o(.text)
    prop_update_connectivity                 0x0800580f   Thumb Code    40  props.o(.text)
    prop_nak                                 0x08005837   Thumb Code    88  props.o(.text)
    prop_lookup_error                        0x0800588f   Thumb Code    26  props.o(.text)
    serial_tx_buf_get                        0x08005c61   Thumb Code    54  serial_msg.o(.text)
    serial_tx_cancel                         0x08005c97   Thumb Code    14  serial_msg.o(.text)
    serial_tx_buf_send                       0x08005ca5   Thumb Code    22  serial_msg.o(.text)
    serial_rx_data_cmd                       0x08005f85   Thumb Code   214  serial_msg.o(.text)
    send_name_tlv                            0x0800605b   Thumb Code   196  serial_msg.o(.text)
    send_tlv_string                          0x0800611f   Thumb Code    32  serial_msg.o(.text)
    serial_send_prop                         0x0800613f   Thumb Code   758  serial_msg.o(.text)
    serial_request_prop                      0x08006435   Thumb Code   146  serial_msg.o(.text)
    serial_tx_cmd                            0x080064c7   Thumb Code   108  serial_msg.o(.text)
    serial_tx_service_listen                 0x08006533   Thumb Code    88  serial_msg.o(.text)
    serial_is_ads_busy                       0x0800658b   Thumb Code     8  serial_msg.o(.text)
    serial_poll                              0x08006593   Thumb Code     8  serial_msg.o(.text)
    serial_process_inc_pkt                   0x0800659b   Thumb Code    48  serial_msg.o(.text)
    tlv_get                                  0x0800662f   Thumb Code    58  tlv.o(.text)
    tlv_put                                  0x08006669   Thumb Code    56  tlv.o(.text)
    utf8_gets                                0x0800682d   Thumb Code    68  utf8.o(.text)
    set_length_up                            0x080069cf   Thumb Code    64  demo_stream.o(.text)
    demo_stream_init                         0x08006a0f   Thumb Code    24  demo_stream.o(.text)
    send_inactive_version                    0x08006ae9   Thumb Code    42  demo_img_mgmt.o(.text)
    set_boot2inactive                        0x08006c97   Thumb Code    28  demo_img_mgmt.o(.text)
    send_template_version                    0x08006cf9   Thumb Code    44  demo_img_mgmt.o(.text)
    template_version_sent                    0x08006f69   Thumb Code   108  demo_img_mgmt.o(.text)
    mcu_img_mgmt_init                        0x08006fd5   Thumb Code   128  demo_img_mgmt.o(.text)
    conf_mod_ota_go                          0x0800718d   Thumb Code     8  conf_access.o(.text)
    conf_read                                0x080072fd   Thumb Code   118  conf_access.o(.text)
    conf_set_cb                              0x08007373   Thumb Code     6  conf_access.o(.text)
    conf_write                               0x08007379   Thumb Code   264  conf_access.o(.text)
    conf_save                                0x08007481   Thumb Code    64  conf_access.o(.text)
    conf_rx                                  0x080074c1   Thumb Code   234  conf_access.o(.text)
    conf_poll                                0x080075ab   Thumb Code    86  conf_access.o(.text)
    host_ota_stat                            0x080076bf   Thumb Code     8  host_ota.o(.text)
    host_ota_start                           0x080076c7   Thumb Code   100  host_ota.o(.text)
    host_ota_go                              0x0800772b   Thumb Code     8  host_ota.o(.text)
    host_ota_load                            0x08007733   Thumb Code    72  host_ota.o(.text)
    host_ota_boot                            0x0800777b   Thumb Code    52  host_ota.o(.text)
    host_ota_send                            0x080077af   Thumb Code   144  host_ota.o(.text)
    clock_is_leap                            0x080078c9   Thumb Code    42  clock_utils.o(.text)
    clock_get_day_occur_in_month             0x080078f3   Thumb Code    14  clock_utils.o(.text)
    clock_fill_details                       0x08007901   Thumb Code   372  clock_utils.o(.text)
    clock_incr_day                           0x08007a75   Thumb Code   254  clock_utils.o(.text)
    clock_decr_day                           0x08007b73   Thumb Code   242  clock_utils.o(.text)
    clock_incr_month                         0x08007c65   Thumb Code   262  clock_utils.o(.text)
    clock_decr_month                         0x08007d6b   Thumb Code   208  clock_utils.o(.text)
    clock_local                              0x08007e3b   Thumb Code    78  clock_utils.o(.text)
    clock_local_to_utc                       0x08007e89   Thumb Code   204  clock_utils.o(.text)
    sched_int_get                            0x0800801d   Thumb Code    60  sched.o(.text)
    sched_update_time_info                   0x0800806b   Thumb Code   186  sched.o(.text)
    sched_run_all                            0x08008125   Thumb Code   126  sched.o(.text)
    sched_set_prop                           0x080081a3   Thumb Code   156  sched.o(.text)
    sched_log                                0x0800823f   Thumb Code     2  sched.o(.text)
    sched_determine_range                    0x0800863d   Thumb Code   756  schedeval.o(.text)
    sched_evaluate                           0x08008d5b   Thumb Code   554  schedeval.o(.text)
    prop_dp_init                             0x08009027   Thumb Code    10  prop_dp.o(.text)
    prop_dp_abort                            0x0800904b   Thumb Code   106  prop_dp.o(.text)
    prop_dp_nak                              0x0800943f   Thumb Code    92  prop_dp.o(.text)
    prop_dp_resp                             0x08009643   Thumb Code   118  prop_dp.o(.text)
    prop_dp_send                             0x080096b9   Thumb Code    52  prop_dp.o(.text)
    prop_dp_set                              0x080096ed   Thumb Code    90  prop_dp.o(.text)
    prop_dp_start_send                       0x08009747   Thumb Code    28  prop_dp.o(.text)
    spi_is_ads_busy                          0x0800981d   Thumb Code    28  spi.o(.text)
    spi_tx_wait                              0x08009a17   Thumb Code    38  spi.o(.text)
    spi_tx_buf_get                           0x08009a3d   Thumb Code    58  spi.o(.text)
    spi_tx_buf_get_for_props                 0x08009a77   Thumb Code    80  spi.o(.text)
    spi_tx_buf_trim                          0x08009ac7   Thumb Code     6  spi.o(.text)
    spi_status                               0x08009ce1   Thumb Code    32  spi.o(.text)
    spi_poll                                 0x08009d01   Thumb Code   110  spi.o(.text)
    __aeabi_memset                           0x08009d79   Thumb Code    14  memseta.o(.text)
    __aeabi_memset4                          0x08009d79   Thumb Code     0  memseta.o(.text)
    __aeabi_memset8                          0x08009d79   Thumb Code     0  memseta.o(.text)
    __aeabi_memclr                           0x08009d87   Thumb Code     4  memseta.o(.text)
    __aeabi_memclr4                          0x08009d87   Thumb Code     0  memseta.o(.text)
    __aeabi_memclr8                          0x08009d87   Thumb Code     0  memseta.o(.text)
    _memset$wrapper                          0x08009d8b   Thumb Code    18  memseta.o(.text)
    strlen                                   0x08009d9d   Thumb Code    14  strlen.o(.text)
    strcmp                                   0x08009dab   Thumb Code    28  strcmp.o(.text)
    memcmp                                   0x08009dc7   Thumb Code    26  memcmp.o(.text)
    __scatterload                            0x08009de1   Thumb Code    28  init.o(.text)
    __scatterload_rt2                        0x08009de1   Thumb Code     0  init.o(.text)
    __decompress                             0x08009e05   Thumb Code     0  __dczerorl2.o(.text)
    __decompress1                            0x08009e05   Thumb Code    92  __dczerorl2.o(.text)
    __scatterload_copy                       0x08009e61   Thumb Code    14  handlers.o(i.__scatterload_copy)
    __scatterload_null                       0x08009e6f   Thumb Code     2  handlers.o(i.__scatterload_null)
    __scatterload_zeroinit                   0x08009e71   Thumb Code    14  handlers.o(i.__scatterload_zeroinit)
    __ctype_table                            0x08009ed0   Data         129  ctype_o.o(.constdata)
    Region$$Table$$Base                      0x0800a068   Number         0  anon$$obj.o(Region$$Table)
    Region$$Table$$Limit                     0x0800a088   Number         0  anon$$obj.o(Region$$Table)
    rx_fsm                                   0x20000004   Data           1  app_control.o(.data)
    rx_data_len                              0x20000006   Data           2  app_control.o(.data)
    rx_timeout_cntdn                         0x20000008   Data           4  app_control.o(.data)
    session_timer                            0x2000000c   Data           4  app_control.o(.data)
    prop_table                               0x2000001c   Data        1100  sac_property.o(.data)
    prop_count                               0x20000468   Data           1  sac_property.o(.data)
    intr_stats                               0x20000480   Data           8  stm32.o(.data)
    tick                                     0x20000488   Data           4  stm32.o(.data)
    SystemCoreClock                          0x2000048c   Data           4  system_stm32f10x.o(.data)
    AHBPrescTable                            0x20000490   Data          16  system_stm32f10x.o(.data)
    valid_dest_mask                          0x200004b8   Data           1  props.o(.data)
    tlv_req_id                               0x200004cc   Data           2  serial_msg.o(.data)
    feature_mask                             0x200004ce   Data           1  serial_msg.o(.data)
    features_sent                            0x200004cf   Data           1  serial_msg.o(.data)
    stream_up_len                            0x200004e0   Data           4  demo_stream.o(.data)
    stream_down_patt_match_len               0x200004e4   Data           4  demo_stream.o(.data)
    template_req                             0x200004f4   Data           1  demo_img_mgmt.o(.data)
    boot2inactive                            0x20000500   Data           1  demo_img_mgmt.o(.data)
    conf_ota_cb                              0x20000504   Data           4  conf_access.o(.data)
    conf_stats                               0x20000510   Data           8  conf_access.o(.data)
    host_ota_start_cb                        0x20000518   Data           4  host_ota.o(.data)
    host_ota_load_cb                         0x2000051c   Data           4  host_ota.o(.data)
    host_ota_boot_cb                         0x20000520   Data           4  host_ota.o(.data)
    timezone_info                            0x20000564   Data           4  clock_utils.o(.data)
    daylight_info                            0x20000568   Data           8  clock_utils.o(.data)
    clock_boot_rel_time                      0x20000570   Data           4  sched.o(.data)
    sched_next_event_tick                    0x20000574   Data           4  sched.o(.data)
    prop_dp_active                           0x20000578   Data           4  prop_dp.o(.data)
    prop_dp_last_err                         0x2000057c   Data           1  prop_dp.o(.data)
    sched_table                              0x20000584   Data        2570  app_main.o(.bss)
    app_param                                0x20000f90   Data         268  app_property.o(.bss)
    tx_buf                                   0x2000109c   Data         256  app_control.o(.bss)
    rx_buf                                   0x2000119c   Data         256  app_control.o(.bss)
    sac_param                                0x200013a0   Data          32  sac_property.o(.bss)
    serial_msg_stats                         0x200017da   Data          24  serial_msg.o(.bss)
    stream_up_state                          0x200017f4   Data          92  demo_stream.o(.bss)
    stream_down_state                        0x20001850   Data          92  demo_stream.o(.bss)
    conf_dsn                                 0x200018ac   Data          20  conf_access.o(.bss)
    conf_model                               0x200018c0   Data          20  conf_access.o(.bss)
    prop_dp_stats                            0x200018d4   Data          20  prop_dp.o(.bss)
    __initial_sp                             0x20002010   Data           0  startup_stm32f10x_md.o(STACK)



==============================================================================

Memory Map of the image

  Image Entry point : 0x08002101

  Load Region LR_1 (Base: 0x08002000, Size: 0x0000860c, Max: 0xffffffff, ABSOLUTE, COMPRESSED[0x000081bc])

    Execution Region ER_RO (Base: 0x08002000, Size: 0x00008088, Max: 0xffffffff, ABSOLUTE)

    Base Addr    Size         Type   Attr      Idx    E Section Name        Object

    0x08002000   0x000000ec   Data   RO          395    RESET               startup_stm32f10x_md.o
    0x080020ec   0x00000000   Code   RO          932  * .ARM.Collect$$$$00000000  mc_w.l(entry.o)
    0x080020ec   0x00000004   Code   RO          975    .ARM.Collect$$$$00000001  mc_w.l(entry2.o)
    0x080020f0   0x00000004   Code   RO          978    .ARM.Collect$$$$00000004  mc_w.l(entry5.o)
    0x080020f4   0x00000000   Code   RO          980    .ARM.Collect$$$$00000008  mc_w.l(entry7b.o)
    0x080020f4   0x00000000   Code   RO          982    .ARM.Collect$$$$0000000A  mc_w.l(entry8b.o)
    0x080020f4   0x00000008   Code   RO          983    .ARM.Collect$$$$0000000B  mc_w.l(entry9a.o)
    0x080020fc   0x00000000   Code   RO          985    .ARM.Collect$$$$0000000D  mc_w.l(entry10a.o)
    0x080020fc   0x00000000   Code   RO          987    .ARM.Collect$$$$0000000F  mc_w.l(entry11a.o)
    0x080020fc   0x00000004   Code   RO          976    .ARM.Collect$$$$00002712  mc_w.l(entry2.o)
    0x08002100   0x00000024   Code   RO          396  * .text               startup_stm32f10x_md.o
    0x08002124   0x00000008   Code   RO          935    .text               mc_w.l(ctype_o.o)
    0x0800212c   0x00000024   Code   RO          963    .text               mc_w.l(memcpya.o)
    0x08002150   0x00000008   Data   RO            2    .ARM.__AT_0x08002150  app_main.o
    0x08002158   0x00000048   Data   RO            3    .ARM.__AT_0x08002158  app_main.o
    0x080021a0   0x000001bc   Code   RO            1    .text               app_main.o
    0x0800235c   0x0000025c   Code   RO          173    .text               app_protocol_i.o
    0x080025b8   0x00000120   Code   RO          195    .text               app_property.o
    0x080026d8   0x00000628   Code   RO          224    .text               app_control.o
    0x08002d00   0x00000160   Code   RO          247    .text               app_uart.o
    0x08002e60   0x0000016c   Code   RO          263    .text               sac_protocol_i.o
    0x08002fcc   0x000001c0   Code   RO          286    .text               sac_property.o
    0x0800318c   0x000001cc   Code   RO          311    .text               sac_control.o
    0x08003358   0x00000134   Code   RO          324    .text               mcu_io.o
    0x0800348c   0x000002cc   Code   RO          336    .text               spi_platform.o
    0x08003758   0x000002e8   Code   RO          348    .text               stm32.o
    0x08003a40   0x000001d4   Code   RO          375    .text               system_stm32f10x.o
    0x08003c14   0x0000011c   Code   RO          401    .text               stm32f10x_exti.o
    0x08003d30   0x00000358   Code   RO          482    .text               stm32f10x_gpio.o
    0x08004088   0x000003a4   Code   RO          500    .text               stm32f10x_rcc.o
    0x0800442c   0x000000dc   Code   RO          517    .text               misc.o
    0x08004508   0x0000030c   Code   RO          532    .text               stm32f10x_spi.o
    0x08004814   0x000005bc   Code   RO          559    .text               stm32f10x_flash.o
    0x08004dd0   0x00000408   Code   RO          574    .text               stm32f10x_usart.o
    0x080051d8   0x000000d6   Code   RO          604    .text               byte_order.o
    0x080052ae   0x00000002   PAD
    0x080052b0   0x00000098   Code   RO          619    .text               crc16.o
    0x08005348   0x00000570   Code   RO          633    .text               props.o
    0x080058b8   0x00000d20   Code   RO          652    .text               serial_msg.o
    0x080065d8   0x000000c8   Code   RO          683    .text               tlv.o
    0x080066a0   0x000001d0   Code   RO          695    .text               utf8.o
    0x08006870   0x0000020c   Code   RO          710    .text               demo_stream.o
    0x08006a7c   0x00000620   Code   RO          726    .text               demo_img_mgmt.o
    0x0800709c   0x00000588   Code   RO          768    .text               conf_access.o
    0x08007624   0x00000234   Code   RO          802    .text               host_ota.o
    0x08007858   0x00000710   Code   RO          820    .text               clock_utils.o
    0x08007f68   0x000002f0   Code   RO          839    .text               sched.o
    0x08008258   0x00000d34   Code   RO          861    .text               schedeval.o
    0x08008f8c   0x000007e8   Code   RO          877    .text               prop_dp.o
    0x08009774   0x00000604   Code   RO          897    .text               spi.o
    0x08009d78   0x00000024   Code   RO          965    .text               mc_w.l(memseta.o)
    0x08009d9c   0x0000000e   Code   RO          967    .text               mc_w.l(strlen.o)
    0x08009daa   0x0000001c   Code   RO          969    .text               mc_w.l(strcmp.o)
    0x08009dc6   0x0000001a   Code   RO          971    .text               mc_w.l(memcmp.o)
    0x08009de0   0x00000024   Code   RO          989    .text               mc_w.l(init.o)
    0x08009e04   0x0000005c   Code   RO          999    .text               mc_w.l(__dczerorl2.o)
    0x08009e60   0x0000000e   Code   RO          993    i.__scatterload_copy  mc_w.l(handlers.o)
    0x08009e6e   0x00000002   Code   RO          994    i.__scatterload_null  mc_w.l(handlers.o)
    0x08009e70   0x0000000e   Code   RO          995    i.__scatterload_zeroinit  mc_w.l(handlers.o)
    0x08009e7e   0x00000032   Data   RO          226    .constdata          app_control.o
    0x08009eb0   0x00000020   Data   RO          620    .constdata          crc16.o
    0x08009ed0   0x00000081   Data   RO          936    .constdata          mc_w.l(ctype_o.o)
    0x08009f51   0x00000003   PAD
    0x08009f54   0x00000004   Data   RO          937    .constdata          mc_w.l(ctype_o.o)
    0x08009f58   0x0000010e   Data   RO          288    .conststring        sac_property.o
    0x0800a066   0x00000002   PAD
    0x0800a068   0x00000020   Data   RO          991    Region$$Table       anon$$obj.o


    Execution Region ER_RW (Base: 0x20000000, Size: 0x00000584, Max: 0xffffffff, ABSOLUTE, COMPRESSED[0x00000134])

    Base Addr    Size         Type   Attr      Idx    E Section Name        Object

    0x20000000   0x00000001   Data   RW            5    .data               app_main.o
    0x20000001   0x00000003   PAD
    0x20000004   0x00000015   Data   RW          227    .data               app_control.o
    0x20000019   0x00000003   PAD
    0x2000001c   0x0000044d   Data   RW          289    .data               sac_property.o
    0x20000469   0x00000003   PAD
    0x2000046c   0x00000012   Data   RW          312    .data               sac_control.o
    0x2000047e   0x00000002   PAD
    0x20000480   0x0000000c   Data   RW          350    .data               stm32.o
    0x2000048c   0x00000014   Data   RW          376    .data               system_stm32f10x.o
    0x200004a0   0x00000014   Data   RW          501    .data               stm32f10x_rcc.o
    0x200004b4   0x00000018   Data   RW          634    .data               props.o
    0x200004cc   0x00000010   Data   RW          654    .data               serial_msg.o
    0x200004dc   0x0000000c   Data   RW          712    .data               demo_stream.o
    0x200004e8   0x00000019   Data   RW          727    .data               demo_img_mgmt.o
    0x20000501   0x00000003   PAD
    0x20000504   0x00000014   Data   RW          770    .data               conf_access.o
    0x20000518   0x0000000e   Data   RW          803    .data               host_ota.o
    0x20000526   0x00000002   PAD
    0x20000528   0x00000048   Data   RW          821    .data               clock_utils.o
    0x20000570   0x00000008   Data   RW          840    .data               sched.o
    0x20000578   0x00000005   Data   RW          879    .data               prop_dp.o
    0x2000057d   0x00000001   PAD
    0x2000057e   0x00000006   Data   RW          899    .data               spi.o


    Execution Region ER_ZI (Base: 0x20000584, Size: 0x00001a8c, Max: 0xffffffff, ABSOLUTE)

    Base Addr    Size         Type   Attr      Idx    E Section Name        Object

    0x20000584   0x00000a0a   Zero   RW            4    .bss                app_main.o
    0x20000f8e   0x00000002   PAD
    0x20000f90   0x0000010c   Zero   RW          196    .bss                app_property.o
    0x2000109c   0x00000304   Zero   RW          225    .bss                app_control.o
    0x200013a0   0x00000020   Zero   RW          287    .bss                sac_property.o
    0x200013c0   0x0000000c   Zero   RW          349    .bss                stm32.o
    0x200013cc   0x00000426   Zero   RW          653    .bss                serial_msg.o
    0x200017f2   0x00000002   PAD
    0x200017f4   0x000000b8   Zero   RW          711    .bss                demo_stream.o
    0x200018ac   0x00000028   Zero   RW          769    .bss                conf_access.o
    0x200018d4   0x00000014   Zero   RW          878    .bss                prop_dp.o
    0x200018e8   0x00000324   Zero   RW          898    .bss                spi.o
    0x20001c0c   0x00000004   PAD
    0x20001c10   0x00000400   Zero   RW          393    STACK               startup_stm32f10x_md.o


==============================================================================

Image component sizes


      Code (inc. data)   RO Data    RW Data    ZI Data      Debug   Object Name

      1576        112         50         21        772       6067   app_control.o
       444         44         80          1       2570     243871   app_main.o
       288         38          0          0        268       5572   app_property.o
       604          8          0          0          0       9099   app_protocol_i.o
       352          8          0          0          0       1628   app_uart.o
       214          0          0          0          0       2494   byte_order.o
      1808         44          0         72          0       6091   clock_utils.o
      1416         64          0         20         40       7564   conf_access.o
       152          4         32          0          0       1880   crc16.o
      1568        126          0         25          0      28986   demo_img_mgmt.o
       524         86          0         12        184       3970   demo_stream.o
       564         26          0         14          0       4343   host_ota.o
       308         14          0          0          0       1290   mcu_io.o
       220         20          0          0          0       3637   misc.o
      2024         34          0          5         20      10090   prop_dp.o
      1392         56          0         24          0       8088   props.o
       460         66          0         18          0       1618   sac_control.o
       448         14        270       1101         32       7491   sac_property.o
       364         14          0          0          0      10363   sac_protocol_i.o
       752         24          0          8          0       4618   sched.o
      3380         44          0          0          0      10457   schedeval.o
      3360         86          0         16       1062      13528   serial_msg.o
      1540         34          0          6        804       7542   spi.o
       716         12          0          0          0       3891   spi_platform.o
        36          8        236          0       1024        836   startup_stm32f10x_md.o
       744         38          0         12         12      27332   stm32.o
       284         10          0          0          0      13355   stm32f10x_exti.o
      1468         34          0          0          0      14538   stm32f10x_flash.o
       856         40          0          0          0      14169   stm32f10x_gpio.o
       932         44          0         20          0      17716   stm32f10x_rcc.o
       780         14          0          0          0      13602   stm32f10x_spi.o
      1032         22          0          0          0      14580   stm32f10x_usart.o
       468         36          0         20          0       1755   system_stm32f10x.o
       200          0          0          0          0       2090   tlv.o
       464          0          0          0          0       3164   utf8.o

    ----------------------------------------------------------------------
     31740       1224        702       1412       6796     527315   Object Totals
         0          0         32          0          0          0   (incl. Generated)
         2          0          2         17          8          0   (incl. Padding)

    ----------------------------------------------------------------------

      Code (inc. data)   RO Data    RW Data    ZI Data      Debug   Library Member Name

        92          0          0          0          0          0   __dczerorl2.o
         8          4        133          0          0         68   ctype_o.o
         0          0          0          0          0          0   entry.o
         0          0          0          0          0          0   entry10a.o
         0          0          0          0          0          0   entry11a.o
         8          4          0          0          0          0   entry2.o
         4          0          0          0          0          0   entry5.o
         0          0          0          0          0          0   entry7b.o
         0          0          0          0          0          0   entry8b.o
         8          4          0          0          0          0   entry9a.o
        30          0          0          0          0          0   handlers.o
        36          8          0          0          0         68   init.o
        26          0          0          0          0         80   memcmp.o
        36          0          0          0          0         68   memcpya.o
        36          0          0          0          0        108   memseta.o
        28          0          0          0          0         76   strcmp.o
        14          0          0          0          0         68   strlen.o

    ----------------------------------------------------------------------
       326         20        136          0          0        536   Library Totals
         0          0          3          0          0          0   (incl. Padding)

    ----------------------------------------------------------------------

      Code (inc. data)   RO Data    RW Data    ZI Data      Debug   Library Name

       326         20        133          0          0        536   mc_w.l

    ----------------------------------------------------------------------
       326         20        136          0          0        536   Library Totals

    ----------------------------------------------------------------------

==============================================================================


      Code (inc. data)   RO Data    RW Data    ZI Data      Debug   

     32066       1244        838       1412       6796     524627   Grand Totals
     32066       1244        838        308       6796     524627   ELF Image Totals (compressed)
     32066       1244        838        308          0          0   ROM Totals

==============================================================================

    Total RO  Size (Code + RO Data)                32904 (  32.13kB)
    Total RW  Size (RW Data + ZI Data)              8208 (   8.02kB)
    Total ROM Size (Code + RO Data + RW Data)      33212 (  32.43kB)

==============================================================================

