ARM Linker, 5.03 [Build 76] [MDK-ARM Professional]

==============================================================================

Section Cross References

    app_main.o(.text) refers to memcpya.o(.text) for __aeabi_memcpy
    app_main.o(.text) refers to sched.o(.text) for sched_run_all
    app_main.o(.text) refers to strlen.o(.text) for strlen
    app_main.o(.text) refers to props.o(.text) for prop_send
    app_main.o(.text) refers to demo_img_mgmt.o(.text) for mcu_img_mgmt_init
    app_main.o(.text) refers to mcu_io.o(.text) for mcu_io_init
    app_main.o(.text) refers to spi_platform.o(.text) for spi_platform_init
    app_main.o(.text) refers to stm32.o(.text) for stm32_reset_module
    app_main.o(.text) refers to demo_stream.o(.text) for demo_stream_init
    app_main.o(.text) refers to app_control.o(.text) for app_init
    app_main.o(.text) refers to serial_msg.o(.text) for serial_tx_cmd
    app_main.o(.text) refers to conf_access.o(.text) for conf_poll
    app_main.o(.text) refers to app_main.o(.ARM.__AT_0x08002158) for version
    app_main.o(.text) refers to serial_msg.o(.data) for feature_mask
    app_main.o(.text) refers to app_main.o(.data) for factory_reset
    app_main.o(.text) refers to sched.o(.data) for sched_next_event_tick
    app_main.o(.text) refers to stm32.o(.data) for tick
    app_main.o(.text) refers to demo_img_mgmt.o(.data) for template_req
    app_protocol_i.o(.text) refers to memseta.o(.text) for __aeabi_memclr4
    app_protocol_i.o(.text) refers to memcpya.o(.text) for __aeabi_memcpy
    app_protocol_i.o(.text) refers to deh_protocol_i.o(.data) for p_msg_sw_tbl
    app_protocol_i.o(.text) refers to deh_protocol_i.o(.constdata) for msg_sw_tbl_item_num
    app_property.o(.text) refers to props.o(.text) for prop_lookup
    app_property.o(.text) refers to memcpya.o(.text) for __aeabi_memcpy
    app_property.o(.text) refers to app_property.o(.bss) for app_param
    app_property.o(.text) refers to props.o(.data) for valid_dest_mask
    app_property.o(.text) refers to deh_property.o(.data) for prop_table
    app_control.o(.text) refers to stm32f10x_gpio.o(.text) for GPIO_SetBits
    app_control.o(.text) refers to stm32f10x_usart.o(.text) for USART_SendData
    app_control.o(.text) refers to props.o(.text) for prop_lookup
    app_control.o(.text) refers to app_uart.o(.text) for USART_Configuration
    app_control.o(.text) refers to memseta.o(.text) for __aeabi_memclr4
    app_control.o(.text) refers to deh_control.o(.text) for custom_init
    app_control.o(.text) refers to app_control.o(.data) for rx_fsm
    app_control.o(.text) refers to app_control.o(.bss) for rx_buf
    app_control.o(.text) refers to stm32.o(.data) for tick
    app_control.o(.text) refers to app_property.o(.bss) for app_param
    app_control.o(.text) refers to props.o(.data) for valid_dest_mask
    app_control.o(.text) refers to app_control.o(.constdata) for F2C_table
    app_uart.o(.text) refers to misc.o(.text) for NVIC_PriorityGroupConfig
    app_uart.o(.text) refers to stm32f10x_rcc.o(.text) for RCC_APB2PeriphClockCmd
    app_uart.o(.text) refers to stm32f10x_gpio.o(.text) for GPIO_Init
    app_uart.o(.text) refers to stm32f10x_usart.o(.text) for USART_Init
    app_uart.o(.text) refers to app_control.o(.text) for com_rx_hdl
    deh_protocol_i.o(.text) refers to app_control.o(.text) for f2c
    deh_protocol_i.o(.text) refers to deh_property.o(.bss) for deh_param
    deh_protocol_i.o(.text) refers to app_property.o(.bss) for app_param
    deh_protocol_i.o(.text) refers to deh_property.o(.data) for prop_table
    deh_protocol_i.o(.text) refers to props.o(.data) for valid_dest_mask
    deh_protocol_i.o(.constdata) refers to deh_protocol_i.o(.text) for msg_101_000_build_write_command_1
    deh_protocol_i.o(.data) refers to deh_protocol_i.o(.constdata) for msg_sw_tbl
    deh_property.o(.text) refers to app_control.o(.text) for msg_queue_put
    deh_property.o(.text) refers to deh_property.o(.bss) for deh_param
    deh_property.o(.text) refers to props.o(.data) for valid_dest_mask
    deh_property.o(.text) refers to deh_property.o(.data) for prop_table
    deh_property.o(.data) refers to deh_property.o(.conststring) for .conststring
    deh_property.o(.data) refers to deh_property.o(.text) for deh_param_set_power
    deh_property.o(.data) refers to props.o(.text) for prop_send_generic
    deh_property.o(.data) refers to deh_property.o(.bss) for deh_param
    deh_property.o(.data) refers to app_property.o(.text) for app_param_set_ack_cmd
    deh_property.o(.data) refers to app_property.o(.bss) for app_param
    deh_property.o(.data) refers to app_main.o(.text) for set_schedule
    deh_property.o(.data) refers to app_main.o(.bss) for sched_table
    deh_property.o(.data) refers to demo_img_mgmt.o(.text) for send_template_version
    deh_control.o(.text) refers to memseta.o(.text) for __aeabi_memclr4
[...]
    .ARM.Collect$$$$0000000F                 0x080020fc   Section        0  entry11a.o(.ARM.Collect$$$$0000000F)
    .ARM.Collect$$$$00002712                 0x080020fc   Section        4  entry2.o(.ARM.Collect$$$$00002712)
    __lit__00000000                          0x080020fc   Data           4  entry2.o(.ARM.Collect$$$$00002712)
    .text                                    0x08002100   Section       36  startup_stm32f10x_md.o(.text)
    .text                                    0x08002124   Section        0  ctype_o.o(.text)
    .text                                    0x0800212c   Section        0  memcpya.o(.text)
    .ARM.__AT_0x08002150                     0x08002150   Section        8  app_main.o(.ARM.__AT_0x08002150)
    __tagsym$$used                           0x08002150   Number         0  app_main.o(.ARM.__AT_0x08002150)
    .ARM.__AT_0x08002158                     0x08002158   Section       72  app_main.o(.ARM.__AT_0x08002158)
    .text                                    0x080021a0   Section        0  app_main.o(.text)
    htons                                    0x080021a1   Thumb Code    14  app_main.o(.text)
    ntohs                                    0x080021af   Thumb Code    12  app_main.o(.text)
    htonl                                    0x080021bb   Thumb Code    30  app_main.o(.text)
    ntohl                                    0x080021d9   Thumb Code    30  app_main.o(.text)
    bit                                      0x080021f7   Thumb Code     8  app_main.o(.text)
    cmp_gt                                   0x080021ff   Thumb Code    16  app_main.o(.text)
    .text                                    0x0800235c   Section        0  app_protocol_i.o(.text)
    htons                                    0x0800235d   Thumb Code    14  app_protocol_i.o(.text)
    ntohs                                    0x0800236b   Thumb Code    12  app_protocol_i.o(.text)
    htonl                                    0x08002377   Thumb Code    30  app_protocol_i.o(.text)
    ntohl                                    0x08002395   Thumb Code    30  app_protocol_i.o(.text)
    get_msg_func                             0x080023b3   Thumb Code   120  app_protocol_i.o(.text)
    calc_chksum_1b_acc                       0x0800242b   Thumb Code    32  app_protocol_i.o(.text)
    calc_chksum_2b_acc                       0x0800244b   Thumb Code    32  app_protocol_i.o(.text)
    calc_chksum_2b_crc                       0x0800246b   Thumb Code     6  app_protocol_i.o(.text)
    calc_chksum_4b_crc                       0x08002471   Thumb Code     6  app_protocol_i.o(.text)
    parse_frame_link                         0x08002477   Thumb Code   248  app_protocol_i.o(.text)
    parse_frame_netwk                        0x0800256f   Thumb Code   194  app_protocol_i.o(.text)
    parse_frame_transf                       0x08002631   Thumb Code   130  app_protocol_i.o(.text)
    parse_frame_app                          0x080026b3   Thumb Code   128  app_protocol_i.o(.text)
    .text                                    0x080028c8   Section        0  app_property.o(.text)
    htons                                    0x080028c9   Thumb Code    14  app_property.o(.text)
    ntohs                                    0x080028d7   Thumb Code    12  app_property.o(.text)
    htonl                                    0x080028e3   Thumb Code    30  app_property.o(.text)
    ntohl                                    0x08002901   Thumb Code    30  app_property.o(.text)
    .text                                    0x080029e8   Section        0  app_control.o(.text)
    htons                                    0x080029e9   Thumb Code    14  app_control.o(.text)
    ntohs                                    0x080029f7   Thumb Code    12  app_control.o(.text)
    htonl                                    0x08002a03   Thumb Code    30  app_control.o(.text)
    ntohl                                    0x08002a21   Thumb Code    30  app_control.o(.text)
    bit                                      0x08002a3f   Thumb Code     8  app_control.o(.text)
    .text                                    0x08002e10   Section        0  app_uart.o(.text)
    htons                                    0x08002e11   Thumb Code    14  app_uart.o(.text)
    ntohs                                    0x08002e1f   Thumb Code    12  app_uart.o(.text)
    htonl                                    0x08002e2b   Thumb Code    30  app_uart.o(.text)
    ntohl                                    0x08002e49   Thumb Code    30  app_uart.o(.text)
    .text                                    0x08002f70   Section        0  deh_protocol_i.o(.text)
    htons                                    0x08002f71   Thumb Code    14  deh_protocol_i.o(.text)
    ntohs                                    0x08002f7f   Thumb Code    12  deh_protocol_i.o(.text)
    htonl                                    0x08002f8b   Thumb Code    30  deh_protocol_i.o(.text)
    ntohl                                    0x08002fa9   Thumb Code    30  deh_protocol_i.o(.text)
    msg_101_000_build_write_command_1        0x08002fc7   Thumb Code   360  deh_protocol_i.o(.text)
    msg_102_000_build_get_status_1           0x0800312f   Thumb Code    16  deh_protocol_i.o(.text)
    msg_102_000_parse_get_status_1           0x0800313f   Thumb Code   410  deh_protocol_i.o(.text)
    .text                                    0x080032e8   Section        0  deh_property.o(.text)
    htons                                    0x080032e9   Thumb Code    14  deh_property.o(.text)
    ntohs                                    0x080032f7   Thumb Code    12  deh_property.o(.text)
    htonl                                    0x08003303   Thumb Code    30  deh_property.o(.text)
    ntohl                                    0x08003321   Thumb Code    30  deh_property.o(.text)
    deh_param_set_power                      0x0800333f   Thumb Code    38  deh_property.o(.text)
    deh_param_set_work_mode                  0x08003365   Thumb Code    38  deh_property.o(.text)
    deh_param_set_fan_speed                  0x0800338b   Thumb Code    38  deh_property.o(.text)
    deh_param_set_humidity                   0x080033b1   Thumb Code    38  deh_property.o(.text)
    deh_param_set_e_heat_temp                0x080033d7   Thumb Code    38  deh_property.o(.text)
    deh_param_set_e_heat                     0x080033fd   Thumb Code    38  deh_property.o(.text)
    deh_param_set_negative_ion               0x08003423   Thumb Code    38  deh_property.o(.text)
    deh_param_set_water_pump                 0x08003449   Thumb Code    38  deh_property.o(.text)
    deh_param_set_temptype                   0x0800346f   Thumb Code    38  deh_property.o(.text)
    deh_param_set_setmulti_value             0x08003495   Thumb Code   160  deh_property.o(.text)
    .text                                    0x08003540   Section        0  deh_control.o(.text)
    htons                                    0x08003541   Thumb Code    14  deh_control.o(.text)
    ntohs                                    0x0800354f   Thumb Code    12  deh_control.o(.text)
    htonl                                    0x0800355b   Thumb Code    30  deh_control.o(.text)
    ntohl                                    0x08003579   Thumb Code    30  deh_control.o(.text)
    bit                                      0x08003597   Thumb Code     8  deh_control.o(.text)
    .text                                    0x08003718   Section        0  mcu_io.o(.text)
    htons                                    0x08003719   Thumb Code    14  mcu_io.o(.text)
    ntohs                                    0x08003727   Thumb Code    12  mcu_io.o(.text)
    htonl                                    0x08003733   Thumb Code    30  mcu_io.o(.text)
    ntohl                                    0x08003751   Thumb Code    30  mcu_io.o(.text)
    bit                                      0x0800376f   Thumb Code     8  mcu_io.o(.text)
    .text                                    0x0800384c   Section        0  spi_platform.o(.text)
    htons                                    0x0800384d   Thumb Code    14  spi_platform.o(.text)
    ntohs                                    0x0800385b   Thumb Code    12  spi_platform.o(.text)
    htonl                                    0x08003867   Thumb Code    30  spi_platform.o(.text)
    ntohl                                    0x08003885   Thumb Code    30  spi_platform.o(.text)
    bit                                      0x080038a3   Thumb Code     8  spi_platform.o(.text)
    spi_platform_wait_idle                   0x080038ab   Thumb Code    24  spi_platform.o(.text)
    spi_platform_out                         0x080039fb   Thumb Code    26  spi_platform.o(.text)
    spi_platform_in                          0x08003a15   Thumb Code    34  spi_platform.o(.text)
    .text                                    0x08003b18   Section        0  stm32.o(.text)
    htons                                    0x08003b19   Thumb Code    14  stm32.o(.text)
    ntohs                                    0x08003b27   Thumb Code    12  stm32.o(.text)
    htonl                                    0x08003b33   Thumb Code    30  stm32.o(.text)
    ntohl                                    0x08003b51   Thumb Code    30  stm32.o(.text)
    bit                                      0x08003b6f   Thumb Code     8  stm32.o(.text)
    cmp_gt                                   0x08003b77   Thumb Code    16  stm32.o(.text)
    stm32_intr_init                          0x08003bd7   Thumb Code    22  stm32.o(.text)
    stm32_systick_init                       0x08003c3f   Thumb Code    74  stm32.o(.text)
    stm32_button_read                        0x08003c89   Thumb Code   104  stm32.o(.text)
    .text                                    0x08003e00   Section        0  system_stm32f10x.o(.text)
    SetSysClockTo24                          0x08003e01   Thumb Code   204  system_stm32f10x.o(.text)
    SetSysClock                              0x08003ecd   Thumb Code     8  system_stm32f10x.o(.text)
    .text                                    0x08003fd4   Section        0  stm32f10x_exti.o(.text)
    .text                                    0x080040f0   Section        0  stm32f10x_gpio.o(.text)
    .text                                    0x08004448   Section        0  stm32f10x_rcc.o(.text)
    .text                                    0x080047ec   Section        0  misc.o(.text)
    .text                                    0x080048c8   Section        0  stm32f10x_spi.o(.text)
    .text                                    0x08004bd4   Section        0  stm32f10x_flash.o(.text)
    .text                                    0x08005190   Section        0  stm32f10x_usart.o(.text)
    .text                                    0x08005598   Section        0  byte_order.o(.text)
    htons                                    0x08005599   Thumb Code    14  byte_order.o(.text)
    ntohs                                    0x080055a7   Thumb Code    12  byte_order.o(.text)
    htonl                                    0x080055b3   Thumb Code    30  byte_order.o(.text)
    ntohl                                    0x080055d1   Thumb Code    30  byte_order.o(.text)
    put_ua_be32                              0x080055ef   Thumb Code    18  byte_order.o(.text)
    put_ua_be16                              0x08005601   Thumb Code    10  byte_order.o(.text)
    get_ua_be32                              0x0800560b   Thumb Code    26  byte_order.o(.text)
    get_ua_be16                              0x08005625   Thumb Code    14  byte_order.o(.text)
    .text                                    0x08005670   Section        0  crc16.o(.text)
    htons                                    0x08005671   Thumb Code    14  crc16.o(.text)
    ntohs                                    0x0800567f   Thumb Code    12  crc16.o(.text)
    htonl                                    0x0800568b   Thumb Code    30  crc16.o(.text)
    ntohl                                    0x080056a9   Thumb Code    30  crc16.o(.text)
    bit                                      0x080056c7   Thumb Code     8  crc16.o(.text)
    .text                                    0x08005708   Section        0  props.o(.text)
    htons                                    0x08005709   Thumb Code    14  props.o(.text)
    ntohs                                    0x08005717   Thumb Code    12  props.o(.text)
    htonl                                    0x08005723   Thumb Code    30  props.o(.text)
    ntohl                                    0x08005741   Thumb Code    30  props.o(.text)
    .text                                    0x08005c78   Section        0  serial_msg.o(.text)
    htons                                    0x08005c79   Thumb Code    14  serial_msg.o(.text)
    ntohs                                    0x08005c87   Thumb Code    12  serial_msg.o(.text)
    htonl                                    0x08005c93   Thumb Code    30  serial_msg.o(.text)
    ntohl                                    0x08005cb1   Thumb Code    30  serial_msg.o(.text)
    bit                                      0x08005ccf   Thumb Code     8  serial_msg.o(.text)
    put_ua_be32                              0x08005cd7   Thumb Code    18  serial_msg.o(.text)
    put_ua_be16                              0x08005ce9   Thumb Code    10  serial_msg.o(.text)
    get_ua_be32                              0x08005cf3   Thumb Code    26  serial_msg.o(.text)
    get_ua_be16                              0x08005d0d   Thumb Code    14  serial_msg.o(.text)
    intr_pri_set                             0x08005d1b   Thumb Code    12  serial_msg.o(.text)
    intr_pri_get                             0x08005d27   Thumb Code     8  serial_msg.o(.text)
    intr_disable                             0x08005d2f   Thumb Code    10  serial_msg.o(.text)
    intr_enable                              0x08005d39   Thumb Code    10  serial_msg.o(.text)
    intr_disable_save                        0x08005d43   Thumb Code    16  serial_msg.o(.text)
    intr_restore                             0x08005d53   Thumb Code    12  serial_msg.o(.text)
    serial_rx_tlv                            0x08005d5f   Thumb Code   706  serial_msg.o(.text)
    serial_tx_err                            0x0800607b   Thumb Code   128  serial_msg.o(.text)
    serial_rx_send_tlv                       0x080060fb   Thumb Code   264  serial_msg.o(.text)
    serial_rx_send_next_tlv                  0x08006203   Thumb Code   322  serial_msg.o(.text)
    .text                                    0x08006998   Section        0  tlv.o(.text)
    htons                                    0x08006999   Thumb Code    14  tlv.o(.text)
    ntohs                                    0x080069a7   Thumb Code    12  tlv.o(.text)
    htonl                                    0x080069b3   Thumb Code    30  tlv.o(.text)
    ntohl                                    0x080069d1   Thumb Code    30  tlv.o(.text)
    .text                                    0x08006a60   Section        0  utf8.o(.text)
    htons                                    0x08006a61   Thumb Code    14  utf8.o(.text)
    ntohs                                    0x08006a6f   Thumb Code    12  utf8.o(.text)
    htonl                                    0x08006a7b   Thumb Code    30  utf8.o(.text)
    ntohl                                    0x08006a99   Thumb Code    30  utf8.o(.text)
    bit                                      0x08006ab7   Thumb Code     8  utf8.o(.text)
    utf8_put_wchar                           0x08006abf   Thumb Code   120  utf8.o(.text)
    utf8_get                                 0x08006b37   Thumb Code   182  utf8.o(.text)
    .text                                    0x08006c30   Section        0  demo_stream.o(.text)
    htons                                    0x08006c31   Thumb Code    14  demo_stream.o(.text)
    ntohs                                    0x08006c3f   Thumb Code    12  demo_stream.o(.text)
    htonl                                    0x08006c4b   Thumb Code    30  demo_stream.o(.text)
    ntohl                                    0x08006c69   Thumb Code    30  demo_stream.o(.text)
    put_ua_be32                              0x08006c87   Thumb Code    18  demo_stream.o(.text)
    put_ua_be16                              0x08006c99   Thumb Code    10  demo_stream.o(.text)
    get_ua_be32                              0x08006ca3   Thumb Code    26  demo_stream.o(.text)
    get_ua_be16                              0x08006cbd   Thumb Code    14  demo_stream.o(.text)
    test_patt                                0x08006ccb   Thumb Code    26  demo_stream.o(.text)
    test_patt_get                            0x08006ce5   Thumb Code    44  demo_stream.o(.text)
    test_patt_set                            0x08006d11   Thumb Code   126  demo_stream.o(.text)
    .text                                    0x08006e3c   Section        0  demo_img_mgmt.o(.text)
    htons                                    0x08006e3d   Thumb Code    14  demo_img_mgmt.o(.text)
    ntohs                                    0x08006e4b   Thumb Code    12  demo_img_mgmt.o(.text)
    htonl                                    0x08006e57   Thumb Code    30  demo_img_mgmt.o(.text)
    ntohl                                    0x08006e75   Thumb Code    30  demo_img_mgmt.o(.text)
    mcu_set_inactive_version                 0x08006e93   Thumb Code    22  demo_img_mgmt.o(.text)
    mcu_flash_block_erased                   0x08006ed3   Thumb Code    28  demo_img_mgmt.o(.text)
    mcu_img_mgmt_set_boot_state              0x08006eef   Thumb Code    62  demo_img_mgmt.o(.text)
    mcu_img_crc_check                        0x08006f2d   Thumb Code   118  demo_img_mgmt.o(.text)
    mcu_find_ver                             0x08006fa3   Thumb Code    82  demo_img_mgmt.o(.text)
    mcu_boot                                 0x08006ff5   Thumb Code    98  demo_img_mgmt.o(.text)
    mcu_tmpl_ver                             0x08007073   Thumb Code    70  demo_img_mgmt.o(.text)
    mcu_img_mgmt_get_boot_state              0x080070e5   Thumb Code    74  demo_img_mgmt.o(.text)
    mcu_inactive_erase                       0x0800712f   Thumb Code    76  demo_img_mgmt.o(.text)
    mcu_img_upgrade_check                    0x0800717b   Thumb Code    96  demo_img_mgmt.o(.text)
    mcu_img_load                             0x080071db   Thumb Code   334  demo_img_mgmt.o(.text)
    .text                                    0x0800745c   Section        0  conf_access.o(.text)
    htons                                    0x0800745d   Thumb Code    14  conf_access.o(.text)
    ntohs                                    0x0800746b   Thumb Code    12  conf_access.o(.text)
    htonl                                    0x08007477   Thumb Code    30  conf_access.o(.text)
    ntohl                                    0x08007495   Thumb Code    30  conf_access.o(.text)
    bit                                      0x080074b3   Thumb Code     8  conf_access.o(.text)
    put_ua_be32                              0x080074bb   Thumb Code    18  conf_access.o(.text)
    put_ua_be16                              0x080074cd   Thumb Code    10  conf_access.o(.text)
    get_ua_be32                              0x080074d7   Thumb Code    26  conf_access.o(.text)
    get_ua_be16                              0x080074f1   Thumb Code    14  conf_access.o(.text)
    conf_mod_ota_send                        0x080074ff   Thumb Code    78  conf_access.o(.text)
    conf_dsn_rx                              0x08007555   Thumb Code    52  conf_access.o(.text)
    conf_model_rx                            0x08007589   Thumb Code    52  conf_access.o(.text)
    conf_update                              0x080075bd   Thumb Code   256  conf_access.o(.text)
    .text                                    0x080079e4   Section        0  host_ota.o(.text)
    htons                                    0x080079e5   Thumb Code    14  host_ota.o(.text)
    ntohs                                    0x080079f3   Thumb Code    12  host_ota.o(.text)
    htonl                                    0x080079ff   Thumb Code    30  host_ota.o(.text)
    ntohl                                    0x08007a1d   Thumb Code    30  host_ota.o(.text)
    put_ua_be32                              0x08007a3b   Thumb Code    18  host_ota.o(.text)
    put_ua_be16                              0x08007a4d   Thumb Code    10  host_ota.o(.text)
    get_ua_be32                              0x08007a57   Thumb Code    26  host_ota.o(.text)
    get_ua_be16                              0x08007a71   Thumb Code    14  host_ota.o(.text)
    .text                                    0x08007c18   Section        0  clock_utils.o(.text)
    htons                                    0x08007c19   Thumb Code    14  clock_utils.o(.text)
    ntohs                                    0x08007c27   Thumb Code    12  clock_utils.o(.text)
    htonl                                    0x08007c33   Thumb Code    30  clock_utils.o(.text)
    ntohl                                    0x08007c51   Thumb Code    30  clock_utils.o(.text)
    bit                                      0x08007c6f   Thumb Code     8  clock_utils.o(.text)
    clock_utc                                0x08007c77   Thumb Code    18  clock_utils.o(.text)
    .text                                    0x08008328   Section        0  sched.o(.text)
    htons                                    0x08008329   Thumb Code    14  sched.o(.text)
    ntohs                                    0x08008337   Thumb Code    12  sched.o(.text)
    htonl                                    0x08008343   Thumb Code    30  sched.o(.text)
    ntohl                                    0x08008361   Thumb Code    30  sched.o(.text)
    bit                                      0x0800837f   Thumb Code     8  sched.o(.text)
    clock_utc                                0x08008387   Thumb Code    18  sched.o(.text)
    put_ua_be32                              0x08008399   Thumb Code    18  sched.o(.text)
    put_ua_be16                              0x080083ab   Thumb Code    10  sched.o(.text)
    get_ua_be32                              0x080083b5   Thumb Code    26  sched.o(.text)
    get_ua_be16                              0x080083cf   Thumb Code    14  sched.o(.text)
    sched_clock_set                          0x08008419   Thumb Code    18  sched.o(.text)
    .text                                    0x08008618   Section        0  schedeval.o(.text)
    htons                                    0x08008619   Thumb Code    14  schedeval.o(.text)
    ntohs                                    0x08008627   Thumb Code    12  schedeval.o(.text)
    htonl                                    0x08008633   Thumb Code    30  schedeval.o(.text)
    ntohl                                    0x08008651   Thumb Code    30  schedeval.o(.text)
    bit                                      0x0800866f   Thumb Code     8  schedeval.o(.text)
    clock_utc                                0x08008677   Thumb Code    18  schedeval.o(.text)
    sched_init_schedule                      0x08008689   Thumb Code    38  schedeval.o(.text)
    sched_set_sched_value                    0x080086af   Thumb Code    50  schedeval.o(.text)
    sched_check_mask                         0x080086e1   Thumb Code    14  schedeval.o(.text)
    sched_check_day                          0x080086ef   Thumb Code   102  schedeval.o(.text)
    sched_day_spec_is_given                  0x08008755   Thumb Code    38  schedeval.o(.text)
    sched_day_find_range                     0x0800877b   Thumb Code   246  schedeval.o(.text)
    sched_month_find_range                   0x08008871   Thumb Code   266  schedeval.o(.text)
    sched_adjust_boundary_if_crossover       0x0800897b   Thumb Code    88  schedeval.o(.text)
    sched_get_minimum                        0x080089d3   Thumb Code    42  schedeval.o(.text)
    sched_determine_big_range                0x08008cf1   Thumb Code  1066  schedeval.o(.text)
    .text                                    0x0800934c   Section        0  prop_dp.o(.text)
    htons                                    0x0800934d   Thumb Code    14  prop_dp.o(.text)
    ntohs                                    0x0800935b   Thumb Code    12  prop_dp.o(.text)
    htonl                                    0x08009367   Thumb Code    30  prop_dp.o(.text)
    ntohl                                    0x08009385   Thumb Code    30  prop_dp.o(.text)
    put_ua_be32                              0x080093a3   Thumb Code    18  prop_dp.o(.text)
    put_ua_be16                              0x080093b5   Thumb Code    10  prop_dp.o(.text)
    get_ua_be32                              0x080093bf   Thumb Code    26  prop_dp.o(.text)
    get_ua_be16                              0x080093d9   Thumb Code    14  prop_dp.o(.text)
    prop_dp_done                             0x080093f1   Thumb Code    26  prop_dp.o(.text)
    prop_dp_fatal_err                        0x08009475   Thumb Code    12  prop_dp.o(.text)
    prop_dp_create_tx                        0x08009481   Thumb Code   156  prop_dp.o(.text)
    prop_dp_data_tx                          0x0800951d   Thumb Code   348  prop_dp.o(.text)
    prop_dp_request                          0x08009679   Thumb Code   174  prop_dp.o(.text)
    prop_dp_fetched                          0x08009727   Thumb Code   128  prop_dp.o(.text)
    prop_dp_step                             0x080097a7   Thumb Code    88  prop_dp.o(.text)
    prop_dp_create_resp                      0x0800985b   Thumb Code   114  prop_dp.o(.text)
    prop_dp_rx                               0x080098cd   Thumb Code   310  prop_dp.o(.text)
    .text                                    0x08009b34   Section        0  spi.o(.text)
    htons                                    0x08009b35   Thumb Code    14  spi.o(.text)
    ntohs                                    0x08009b43   Thumb Code    12  spi.o(.text)
    htonl                                    0x08009b4f   Thumb Code    30  spi.o(.text)
    ntohl                                    0x08009b6d   Thumb Code    30  spi.o(.text)
    intr_pri_set                             0x08009b8b   Thumb Code    12  spi.o(.text)
    intr_pri_get                             0x08009b97   Thumb Code     8  spi.o(.text)
    intr_disable                             0x08009b9f   Thumb Code    10  spi.o(.text)
    intr_enable                              0x08009ba9   Thumb Code    10  spi.o(.text)
    intr_disable_save                        0x08009bb3   Thumb Code    16  spi.o(.text)
    intr_restore                             0x08009bc3   Thumb Code    12  spi.o(.text)
    spi_delay                                0x08009bcf   Thumb Code    14  spi.o(.text)
    spi_tx_get_mask_to_check                 0x08009bf9   Thumb Code    46  spi.o(.text)
    spi_tx_check_busy                        0x08009c27   Thumb Code   108  spi.o(.text)
    spi_tx_end                               0x08009c93   Thumb Code   124  spi.o(.text)
    spi_tx_start                             0x08009d0f   Thumb Code   200  spi.o(.text)
    spi_rx                                   0x08009e8d   Thumb Code   362  spi.o(.text)
    spi_rx_wait                              0x08009ff7   Thumb Code   170  spi.o(.text)
    .text                                    0x0800a138   Section        0  memseta.o(.text)
    .text                                    0x0800a15c   Section        0  strlen.o(.text)
    .text                                    0x0800a16a   Section        0  strcmp.o(.text)
    .text                                    0x0800a186   Section        0  memcmp.o(.text)
    .text                                    0x0800a1a0   Section       36  init.o(.text)
    .text                                    0x0800a1c4   Section        0  __dczerorl2.o(.text)
    i.__scatterload_copy                     0x0800a220   Section       14  handlers.o(i.__scatterload_copy)
    i.__scatterload_null                     0x0800a22e   Section        2  handlers.o(i.__scatterload_null)
    i.__scatterload_zeroinit                 0x0800a230   Section       14  handlers.o(i.__scatterload_zeroinit)
    .constdata                               0x0800a23e   Section       50  app_control.o(.constdata)
    F2C_table                                0x0800a23e   Data          32  app_control.o(.constdata)
    C2F_table                                0x0800a25e   Data          18  app_control.o(.constdata)
    .constdata                               0x0800a270   Section       49  deh_protocol_i.o(.constdata)
    msg_101_sw_tbl                           0x0800a270   Data          12  deh_protocol_i.o(.constdata)
    msg_102_sw_tbl                           0x0800a27c   Data          12  deh_protocol_i.o(.constdata)
    msg_sw_tbl                               0x0800a288   Data          24  deh_protocol_i.o(.constdata)
    .constdata                               0x0800a2a2   Section       32  crc16.o(.constdata)
    crc16_table                              0x0800a2a2   Data          32  crc16.o(.constdata)
    .constdata                               0x0800a2c2   Section      129  ctype_o.o(.constdata)
    .constdata                               0x0800a344   Section        4  ctype_o.o(.constdata)
    table                                    0x0800a344   Data           4  ctype_o.o(.constdata)
    .conststring                             0x0800a348   Section      330  deh_property.o(.conststring)
    .data                                    0x20000000   Section        1  app_main.o(.data)
    factory_reset                            0x20000000   Data           1  app_main.o(.data)
    .data                                    0x20000004   Section       21  app_control.o(.data)
    rx_prv_f4                                0x20000010   Data           1  app_control.o(.data)
    p_rx                                     0x20000014   Data           4  app_control.o(.data)
    com_timeout_cnt                          0x20000018   Data           1  app_control.o(.data)
    .data                                    0x2000001c   Section        4  deh_protocol_i.o(.data)
    .data                                    0x20000020   Section     1321  deh_property.o(.data)
    .data                                    0x2000054c   Section       18  deh_control.o(.data)
    inquire_interval                         0x2000054c   Data           4  deh_control.o(.data)
    msg                                      0x20000550   Data           2  deh_control.o(.data)
    prop_id                                  0x20000552   Data           2  deh_control.o(.data)
    arg                                      0x20000554   Data           4  deh_control.o(.data)
    frm_len                                  0x20000558   Data           4  deh_control.o(.data)
    retry                                    0x2000055c   Data           1  deh_control.o(.data)
    retry_cnt                                0x2000055d   Data           1  deh_control.o(.data)
    .data                                    0x20000560   Section       12  stm32.o(.data)
    .data                                    0x2000056c   Section       20  system_stm32f10x.o(.data)
    .data                                    0x20000580   Section       20  stm32f10x_rcc.o(.data)
    APBAHBPrescTable                         0x20000580   Data          16  stm32f10x_rcc.o(.data)
    ADCPrescTable                            0x20000590   Data           4  stm32f10x_rcc.o(.data)
    .data                                    0x20000594   Section       24  props.o(.data)
    prop_active                              0x20000594   Data           4  props.o(.data)
    prop_request_all                         0x20000599   Data           1  props.o(.data)
    prop_request_all_req_id                  0x2000059a   Data           2  props.o(.data)
    send_ads_listen_cmd                      0x2000059c   Data           1  props.o(.data)
    prop_retry                               0x200005a0   Data           4  props.o(.data)
    prop_retry_is_resp                       0x200005a4   Data           1  props.o(.data)
    prop_retry_arg                           0x200005a8   Data           4  props.o(.data)
    .data                                    0x200005ac   Section       16  serial_msg.o(.data)
    serial_msg_next_off                      0x200005b0   Data           4  serial_msg.o(.data)
    serial_msg_tot_size                      0x200005b4   Data           4  serial_msg.o(.data)
    serial_pri                               0x200005b8   Data           4  serial_msg.o(.data)
    .data                                    0x200005bc   Section       12  demo_stream.o(.data)
    stream_down_patt_match                   0x200005bc   Data           1  demo_stream.o(.data)
    .data                                    0x200005c8   Section       25  demo_img_mgmt.o(.data)
    tmpl_registered                          0x200005c8   Data           4  demo_img_mgmt.o(.data)
    tmp                                      0x200005cc   Data           4  demo_img_mgmt.o(.data)
    inactive_vers                            0x200005d0   Data           4  demo_img_mgmt.o(.data)
    image_size                               0x200005d8   Data           4  demo_img_mgmt.o(.data)
    cur_off                                  0x200005dc   Data           4  demo_img_mgmt.o(.data)
    .data                                    0x200005e4   Section       20  conf_access.o(.data)
    conf_mod_ota_cmd                         0x200005e8   Data           1  conf_access.o(.data)
    conf_cb                                  0x200005ec   Data           4  conf_access.o(.data)
    .data                                    0x200005f8   Section       14  host_ota.o(.data)
    host_ota_cmd                             0x20000604   Data           1  host_ota.o(.data)
    host_ota_status                          0x20000605   Data           1  host_ota.o(.data)
    .data                                    0x20000608   Section       72  clock_utils.o(.data)
    mdays                                    0x20000608   Data          12  clock_utils.o(.data)
    mdays                                    0x20000614   Data          12  clock_utils.o(.data)
    mdays                                    0x20000620   Data          12  clock_utils.o(.data)
    mdays                                    0x2000062c   Data          12  clock_utils.o(.data)
    mdays                                    0x20000638   Data          12  clock_utils.o(.data)
    .data                                    0x20000650   Section        8  sched.o(.data)
    .data                                    0x20000658   Section        5  prop_dp.o(.data)
    .data                                    0x2000065e   Section        6  spi.o(.data)
    spi_dev                                  0x2000065e   Data           6  spi.o(.data)
    .bss                                     0x20000664   Section     2570  app_main.o(.bss)
    .bss                                     0x20001070   Section      268  app_property.o(.bss)
    .bss                                     0x2000117c   Section      772  app_control.o(.bss)
    msg_que                                  0x2000137c   Data         260  app_control.o(.bss)
    .bss                                     0x20001480   Section       44  deh_property.o(.bss)
    .bss                                     0x200014ac   Section       12  stm32.o(.bss)
    stm32_button                             0x200014ac   Data          12  stm32.o(.bss)
    .bss                                     0x200014b8   Section     1062  serial_msg.o(.bss)
    serial_send_arg                          0x200014b8   Data          12  serial_msg.o(.bss)
    serial_msg_pkt                           0x200014c4   Data        1025  serial_msg.o(.bss)
    .bss                                     0x200018e0   Section      184  demo_stream.o(.bss)
    .bss                                     0x20001998   Section       40  conf_access.o(.bss)
    .bss                                     0x200019c0   Section       20  prop_dp.o(.bss)
    .bss                                     0x200019d4   Section      804  spi.o(.bss)
    spi_rx_buf                               0x200019d4   Data         384  spi.o(.bss)
    spi_tx_buf                               0x20001b54   Data         384  spi.o(.bss)
    spi_stats                                0x20001cd4   Data          36  spi.o(.bss)
    STACK                                    0x20001cf8   Section     1024  startup_stm32f10x_md.o(STACK)

    Global Symbols

    Symbol Name                              Value     Ov Type        Size  Object(Section)

    BuildAttributes$$THM_ISAv4$P$D$K$B$S$PE$A:L22UL41UL21$X:L11$S22US41US21$IEEE1$IW$USESV6$~STKCKD$USESV7$~SHL$OSPACE$EBA8$MICROLIB$REQ8$PRES8$EABIv2 0x00000000   Number         0  anon$$obj.o ABSOLUTE
    __ARM_use_no_argv                        0x00000000   Number         0  app_main.o ABSOLUTE
    __cpp_initialize__aeabi_                  - Undefined Weak Reference
    __cxa_finalize                            - Undefined Weak Reference
    _clock_init                               - Undefined Weak Reference
    _microlib_exit                            - Undefined Weak Reference
    __Vectors_Size                           0x000000ec   Number         0  startup_stm32f10x_md.o ABSOLUTE
    __Vectors                                0x08002000   Data           4  startup_stm32f10x_md.o(RESET)
    __Vectors_End                            0x080020ec   Data           0  startup_stm32f10x_md.o(RESET)
    __main                                   0x080020ed   Thumb Code     0  entry.o(.ARM.Collect$$$$00000000)
    _main_stk                                0x080020ed   Thumb Code     0  entry2.o(.ARM.Collect$$$$00000001)
    _main_scatterload                        0x080020f1   Thumb Code     0  entry5.o(.ARM.Collect$$$$00000004)
    __main_after_scatterload                 0x080020f5   Thumb Code     0  entry5.o(.ARM.Collect$$$$00000004)
    _main_clock                              0x080020f5   Thumb Code     0  entry7b.o(.ARM.Collect$$$$00000008)
    _main_cpp_init                           0x080020f5   Thumb Code     0  entry8b.o(.ARM.Collect$$$$0000000A)
    _main_init                               0x080020f5   Thumb Code     0  entry9a.o(.ARM.Collect$$$$0000000B)
    __rt_final_cpp                           0x080020fd   Thumb Code     0  entry10a.o(.ARM.Collect$$$$0000000D)
    __rt_final_exit                          0x080020fd   Thumb Code     0  entry11a.o(.ARM.Collect$$$$0000000F)
    Reset_Handler                            0x08002101   Thumb Code     8  startup_stm32f10x_md.o(.text)
    NMI_Handler                              0x08002109   Thumb Code     2  startup_stm32f10x_md.o(.text)
    HardFault_Handler                        0x0800210b   Thumb Code     2  startup_stm32f10x_md.o(.text)
    MemManage_Handler                        0x0800210d   Thumb Code     2  startup_stm32f10x_md.o(.text)
    BusFault_Handler                         0x0800210f   Thumb Code     2  startup_stm32f10x_md.o(.text)
    UsageFault_Handler                       0x08002111   Thumb Code     2  startup_stm32f10x_md.o(.text)
    SVC_Handler                              0x08002113   Thumb Code     2  startup_stm32f10x_md.o(.text)
    DebugMon_Handler                         0x08002115   Thumb Code     2  startup_stm32f10x_md.o(.text)
    PendSV_Handler                           0x08002117   Thumb Code     2  startup_stm32f10x_md.o(.text)
    ADC1_2_IRQHandler                        0x0800211b   Thumb Code     0  startup_stm32f10x_md.o(.text)
    CAN1_RX1_IRQHandler                      0x0800211b   Thumb Code     0  startup_stm32f10x_md.o(.text)
    CAN1_SCE_IRQHandler                      0x0800211b   Thumb Code     0  startup_stm32f10x_md.o(.text)
    DMA1_Channel1_IRQHandler                 0x0800211b   Thumb Code     0  startup_stm32f10x_md.o(.text)
    DMA1_Channel2_IRQHandler                 0x0800211b   Thumb Code     0  startup_stm32f10x_md.o(.text)
    DMA1_Channel3_IRQHandler                 0x0800211b   Thumb Code     0  startup_stm32f10x_md.o(.text)
    DMA1_Channel4_IRQHandler                 0x0800211b   Thumb Code     0  startup_stm32f10x_md.o(.text)
    DMA1_Channel5_IRQHandler                 0x0800211b   Thumb Code     0  startup_stm32f10x_md.o(.text)
    DMA1_Channel6_IRQHandler                 0x0800211b   Thumb Code     0  startup_stm32f10x_md.o(.text)
    DMA1_Channel7_IRQHandler                 0x0800211b   Thumb Code     0  startup_stm32f10x_md.o(.text)
    EXTI1_IRQHandler                         0x0800211b   Thumb Code     0  startup_stm32f10x_md.o(.text)
    EXTI2_IRQHandler                         0x0800211b   Thumb Code     0  startup_stm32f10x_md.o(.text)
    EXTI3_IRQHandler                         0x0800211b   Thumb Code     0  startup_stm32f10x_md.o(.text)
    EXTI4_IRQHandler                         0x0800211b   Thumb Code     0  startup_stm32f10x_md.o(.text)
    EXTI9_5_IRQHandler                       0x0800211b   Thumb Code     0  startup_stm32f10x_md.o(.text)
    FLASH_IRQHandler                         0x0800211b   Thumb Code     0  startup_stm32f10x_md.o(.text)
    I2C1_ER_IRQHandler                       0x0800211b   Thumb Code     0  startup_stm32f10x_md.o(.text)
    I2C1_EV_IRQHandler                       0x0800211b   Thumb Code     0  startup_stm32f10x_md.o(.text)
    I2C2_ER_IRQHandler                       0x0800211b   Thumb Code     0  startup_stm32f10x_md.o(.text)
    I2C2_EV_IRQHandler                       0x0800211b   Thumb Code     0  startup_stm32f10x_md.o(.text)
    PVD_IRQHandler                           0x0800211b   Thumb Code     0  startup_stm32f10x_md.o(.text)
    RCC_IRQHandler                           0x0800211b   Thumb Code     0  startup_stm32f10x_md.o(.text)
    RTCAlarm_IRQHandler                      0x0800211b   Thumb Code     0  startup_stm32f10x_md.o(.text)
    RTC_IRQHandler                           0x0800211b   Thumb Code     0  startup_stm32f10x_md.o(.text)
    SPI1_IRQHandler                          0x0800211b   Thumb Code     0  startup_stm32f10x_md.o(.text)
    SPI2_IRQHandler                          0x0800211b   Thumb Code     0  startup_stm32f10x_md.o(.text)
    TAMPER_IRQHandler                        0x0800211b   Thumb Code     0  startup_stm32f10x_md.o(.text)
    TIM1_BRK_IRQHandler                      0x0800211b   Thumb Code     0  startup_stm32f10x_md.o(.text)
    TIM1_CC_IRQHandler                       0x0800211b   Thumb Code     0  startup_stm32f10x_md.o(.text)
    TIM1_TRG_COM_IRQHandler                  0x0800211b   Thumb Code     0  startup_stm32f10x_md.o(.text)
    TIM1_UP_IRQHandler                       0x0800211b   Thumb Code     0  startup_stm32f10x_md.o(.text)
    TIM2_IRQHandler                          0x0800211b   Thumb Code     0  startup_stm32f10x_md.o(.text)
    TIM3_IRQHandler                          0x0800211b   Thumb Code     0  startup_stm32f10x_md.o(.text)
    TIM4_IRQHandler                          0x0800211b   Thumb Code     0  startup_stm32f10x_md.o(.text)
    USART2_IRQHandler                        0x0800211b   Thumb Code     0  startup_stm32f10x_md.o(.text)
    USART3_IRQHandler                        0x0800211b   Thumb Code     0  startup_stm32f10x_md.o(.text)
    USBWakeUp_IRQHandler                     0x0800211b   Thumb Code     0  startup_stm32f10x_md.o(.text)
    USB_HP_CAN1_TX_IRQHandler                0x0800211b   Thumb Code     0  startup_stm32f10x_md.o(.text)
    USB_LP_CAN1_RX0_IRQHandler               0x0800211b   Thumb Code     0  startup_stm32f10x_md.o(.text)
    WWDG_IRQHandler                          0x0800211b   Thumb Code     0  startup_stm32f10x_md.o(.text)
    __rt_ctype_table                         0x08002125   Thumb Code     4  ctype_o.o(.text)
    __aeabi_memcpy                           0x0800212d   Thumb Code    36  memcpya.o(.text)
    __aeabi_memcpy4                          0x0800212d   Thumb Code     0  memcpya.o(.text)
    __aeabi_memcpy8                          0x0800212d   Thumb Code     0  memcpya.o(.text)
    __img_hdr                                0x08002150   Data           8  app_main.o(.ARM.__AT_0x08002150)
    version                                  0x08002158   Data          72  app_main.o(.ARM.__AT_0x08002158)
    set_schedule                             0x0800220f   Thumb Code    46  app_main.o(.text)
    send_version                             0x0800223d   Thumb Code    28  app_main.o(.text)
    demo_set_button_state                    0x08002259   Thumb Code     2  app_main.o(.text)
    main                                     0x0800225b   Thumb Code   214  app_main.o(.text)
    parse_frame                              0x08002733   Thumb Code    86  app_protocol_i.o(.text)
    build_frame                              0x08002789   Thumb Code   318  app_protocol_i.o(.text)
    app_param_set_ack_cmd                    0x0800291f   Thumb Code    52  app_property.o(.text)
    app_param_set_device_info                0x08002953   Thumb Code    68  app_property.o(.text)
    app_param_set_custom_scene               0x08002997   Thumb Code    44  app_property.o(.text)
    com_rx_hdl                               0x08002a47   Thumb Code   268  app_control.o(.text)
    com_rx_start                             0x08002b53   Thumb Code    34  app_control.o(.text)
    com_tx_start                             0x08002b75   Thumb Code   192  app_control.o(.text)
    com_err_reset                            0x08002c35   Thumb Code     8  app_control.o(.text)
    com_err_handle                           0x08002c3d   Thumb Code    54  app_control.o(.text)
    com_init                                 0x08002c73   Thumb Code    28  app_control.o(.text)
    msg_queue_init                           0x08002c8f   Thumb Code    30  app_control.o(.text)
    msg_queue_put                            0x08002cad   Thumb Code    82  app_control.o(.text)
    msg_queue_get                            0x08002cff   Thumb Code    94  app_control.o(.text)
    app_init                                 0x08002d5d   Thumb Code    24  app_control.o(.text)
    app_poll                                 0x08002d75   Thumb Code     8  app_control.o(.text)
    delay_10ms                               0x08002d7d   Thumb Code    18  app_control.o(.text)
    f2c                                      0x08002d8f   Thumb Code    24  app_control.o(.text)
    c2f                                      0x08002da7   Thumb Code    24  app_control.o(.text)
    NVIC_Configuration                       0x08002e67   Thumb Code    36  app_uart.o(.text)
    UART1_GPIO_Configuration                 0x08002e8b   Thumb Code    70  app_uart.o(.text)
    USART_Configuration                      0x08002ed1   Thumb Code    70  app_uart.o(.text)
    USART1_IRQHandler                        0x08002f17   Thumb Code    82  app_uart.o(.text)
    custom_init                              0x0800359f   Thumb Code    18  deh_control.o(.text)
    custom_poll                              0x080035b1   Thumb Code   292  deh_control.o(.text)
    mcu_io_init                              0x08003777   Thumb Code   200  mcu_io.o(.text)
    spi_platform_init                        0x080038c3   Thumb Code   204  spi_platform.o(.text)
    spi_platform_intr_init                   0x0800398f   Thumb Code    72  spi_platform.o(.text)
    spi_platform_slave_select                0x080039d7   Thumb Code    16  spi_platform.o(.text)
    spi_platform_slave_deselect              0x080039e7   Thumb Code    20  spi_platform.o(.text)
    spi_platform_io                          0x08003a37   Thumb Code    16  spi_platform.o(.text)
    spi_platform_io_crc                      0x08003a47   Thumb Code    76  spi_platform.o(.text)
    spi_platform_crc_en                      0x08003a93   Thumb Code    20  spi_platform.o(.text)
    spi_platform_crc_err                     0x08003aa7   Thumb Code    40  spi_platform.o(.text)
    EXTI15_10_IRQHandler                     0x08003acf   Thumb Code    36  spi_platform.o(.text)
    spi_platform_rx_pending                  0x08003af3   Thumb Code    26  spi_platform.o(.text)
    stm32_delay_time                         0x08003b87   Thumb Code    40  stm32.o(.text)
    stm32_reset_module                       0x08003baf   Thumb Code    40  stm32.o(.text)
    stm32_ready                              0x08003bed   Thumb Code    26  stm32.o(.text)
    stm32_get_led                            0x08003c07   Thumb Code    18  stm32.o(.text)
    stm32_set_led                            0x08003c19   Thumb Code    18  stm32.o(.text)
    stm32_set_factory_rst_led                0x08003c2b   Thumb Code    20  stm32.o(.text)
    EXTI0_IRQHandler                         0x08003cf1   Thumb Code    36  stm32.o(.text)
    SysTick_Handler                          0x08003d15   Thumb Code   100  stm32.o(.text)
    stm32_factory_reset_detect               0x08003d79   Thumb Code    86  stm32.o(.text)
    stm32_init                               0x08003dcf   Thumb Code    12  stm32.o(.text)
    SystemInit                               0x08003ed5   Thumb Code    78  system_stm32f10x.o(.text)
    SystemCoreClockUpdate                    0x08003f23   Thumb Code   142  system_stm32f10x.o(.text)
    EXTI_DeInit                              0x08003fd5   Thumb Code    28  stm32f10x_exti.o(.text)
    EXTI_Init                                0x08003ff1   Thumb Code   142  stm32f10x_exti.o(.text)
    EXTI_StructInit                          0x0800407f   Thumb Code    16  stm32f10x_exti.o(.text)
    EXTI_GenerateSWInterrupt                 0x0800408f   Thumb Code    16  stm32f10x_exti.o(.text)
    EXTI_GetFlagStatus                       0x0800409f   Thumb Code    22  stm32f10x_exti.o(.text)
    EXTI_ClearFlag                           0x080040b5   Thumb Code     8  stm32f10x_exti.o(.text)
    EXTI_GetITStatus                         0x080040bd   Thumb Code    34  stm32f10x_exti.o(.text)
    EXTI_ClearITPendingBit                   0x080040df   Thumb Code     8  stm32f10x_exti.o(.text)
    GPIO_DeInit                              0x080040f1   Thumb Code   172  stm32f10x_gpio.o(.text)
    GPIO_AFIODeInit                          0x0800419d   Thumb Code    20  stm32f10x_gpio.o(.text)
    GPIO_Init                                0x080041b1   Thumb Code   274  stm32f10x_gpio.o(.text)
    GPIO_StructInit                          0x080042c3   Thumb Code    16  stm32f10x_gpio.o(.text)
    GPIO_ReadInputDataBit                    0x080042d3   Thumb Code    18  stm32f10x_gpio.o(.text)
    GPIO_ReadInputData                       0x080042e5   Thumb Code     8  stm32f10x_gpio.o(.text)
    GPIO_ReadOutputDataBit                   0x080042ed   Thumb Code    18  stm32f10x_gpio.o(.text)
    GPIO_ReadOutputData                      0x080042ff   Thumb Code     8  stm32f10x_gpio.o(.text)
    GPIO_SetBits                             0x08004307   Thumb Code     4  stm32f10x_gpio.o(.text)
    GPIO_ResetBits                           0x0800430b   Thumb Code     4  stm32f10x_gpio.o(.text)
    GPIO_WriteBit                            0x0800430f   Thumb Code    10  stm32f10x_gpio.o(.text)
    GPIO_Write                               0x08004319   Thumb Code     4  stm32f10x_gpio.o(.text)
    GPIO_PinLockConfig                       0x0800431d   Thumb Code    18  stm32f10x_gpio.o(.text)
    GPIO_EventOutputConfig                   0x0800432f   Thumb Code    26  stm32f10x_gpio.o(.text)
    GPIO_EventOutputCmd                      0x08004349   Thumb Code     6  stm32f10x_gpio.o(.text)
    GPIO_PinRemapConfig                      0x0800434f   Thumb Code   138  stm32f10x_gpio.o(.text)
    GPIO_EXTILineConfig                      0x080043d9   Thumb Code    66  stm32f10x_gpio.o(.text)
    GPIO_ETH_MediaInterfaceConfig            0x0800441b   Thumb Code     6  stm32f10x_gpio.o(.text)
    RCC_DeInit                               0x08004449   Thumb Code    64  stm32f10x_rcc.o(.text)
    RCC_HSEConfig                            0x08004489   Thumb Code    70  stm32f10x_rcc.o(.text)
    RCC_GetFlagStatus                        0x080044cf   Thumb Code    56  stm32f10x_rcc.o(.text)
    RCC_WaitForHSEStartUp                    0x08004507   Thumb Code    56  stm32f10x_rcc.o(.text)
    RCC_AdjustHSICalibrationValue            0x0800453f   Thumb Code    20  stm32f10x_rcc.o(.text)
    RCC_HSICmd                               0x08004553   Thumb Code     6  stm32f10x_rcc.o(.text)
    RCC_PLLConfig                            0x08004559   Thumb Code    24  stm32f10x_rcc.o(.text)
    RCC_PLLCmd                               0x08004571   Thumb Code     6  stm32f10x_rcc.o(.text)
    RCC_SYSCLKConfig                         0x08004577   Thumb Code    18  stm32f10x_rcc.o(.text)
    RCC_GetSYSCLKSource                      0x08004589   Thumb Code    10  stm32f10x_rcc.o(.text)
    RCC_HCLKConfig                           0x08004593   Thumb Code    18  stm32f10x_rcc.o(.text)
    RCC_PCLK1Config                          0x080045a5   Thumb Code    18  stm32f10x_rcc.o(.text)
    RCC_PCLK2Config                          0x080045b7   Thumb Code    20  stm32f10x_rcc.o(.text)
    RCC_ITConfig                             0x080045cb   Thumb Code    26  stm32f10x_rcc.o(.text)
    RCC_USBCLKConfig                         0x080045e5   Thumb Code     6  stm32f10x_rcc.o(.text)
    RCC_ADCCLKConfig                         0x080045eb   Thumb Code    18  stm32f10x_rcc.o(.text)
    RCC_LSEConfig                            0x080045fd   Thumb Code    44  stm32f10x_rcc.o(.text)
    RCC_LSICmd                               0x08004629   Thumb Code     6  stm32f10x_rcc.o(.text)
    RCC_RTCCLKConfig                         0x0800462f   Thumb Code    12  stm32f10x_rcc.o(.text)
    RCC_RTCCLKCmd                            0x0800463b   Thumb Code     8  stm32f10x_rcc.o(.text)
    RCC_GetClocksFreq                        0x08004643   Thumb Code   192  stm32f10x_rcc.o(.text)
    RCC_AHBPeriphClockCmd                    0x08004703   Thumb Code    26  stm32f10x_rcc.o(.text)
    RCC_APB2PeriphClockCmd                   0x0800471d   Thumb Code    26  stm32f10x_rcc.o(.text)
    RCC_APB1PeriphClockCmd                   0x08004737   Thumb Code    26  stm32f10x_rcc.o(.text)
    RCC_APB2PeriphResetCmd                   0x08004751   Thumb Code    26  stm32f10x_rcc.o(.text)
    RCC_APB1PeriphResetCmd                   0x0800476b   Thumb Code    26  stm32f10x_rcc.o(.text)
    RCC_BackupResetCmd                       0x08004785   Thumb Code     8  stm32f10x_rcc.o(.text)
    RCC_ClockSecuritySystemCmd               0x0800478d   Thumb Code     6  stm32f10x_rcc.o(.text)
    RCC_MCOConfig                            0x08004793   Thumb Code     6  stm32f10x_rcc.o(.text)
    RCC_ClearFlag                            0x08004799   Thumb Code    14  stm32f10x_rcc.o(.text)
    RCC_GetITStatus                          0x080047a7   Thumb Code    20  stm32f10x_rcc.o(.text)
    RCC_ClearITPendingBit                    0x080047bb   Thumb Code     6  stm32f10x_rcc.o(.text)
    NVIC_PriorityGroupConfig                 0x080047ed   Thumb Code    10  misc.o(.text)
    NVIC_Init                                0x080047f7   Thumb Code   102  misc.o(.text)
    NVIC_SetVectorTable                      0x0800485d   Thumb Code    14  misc.o(.text)
    NVIC_SystemLPConfig                      0x0800486b   Thumb Code    34  misc.o(.text)
    SysTick_CLKSourceConfig                  0x0800488d   Thumb Code    40  misc.o(.text)
    SPI_I2S_DeInit                           0x080048c9   Thumb Code    76  stm32f10x_spi.o(.text)
    SPI_Init                                 0x08004915   Thumb Code    60  stm32f10x_spi.o(.text)
    I2S_Init                                 0x08004951   Thumb Code   226  stm32f10x_spi.o(.text)
    SPI_StructInit                           0x08004a33   Thumb Code    24  stm32f10x_spi.o(.text)
    I2S_StructInit                           0x08004a4b   Thumb Code    20  stm32f10x_spi.o(.text)
    SPI_Cmd                                  0x08004a5f   Thumb Code    24  stm32f10x_spi.o(.text)
    I2S_Cmd                                  0x08004a77   Thumb Code    24  stm32f10x_spi.o(.text)
    SPI_I2S_ITConfig                         0x08004a8f   Thumb Code    32  stm32f10x_spi.o(.text)
    SPI_I2S_DMACmd                           0x08004aaf   Thumb Code    18  stm32f10x_spi.o(.text)
    SPI_I2S_SendData                         0x08004ac1   Thumb Code     4  stm32f10x_spi.o(.text)
    SPI_I2S_ReceiveData                      0x08004ac5   Thumb Code     6  stm32f10x_spi.o(.text)
    SPI_NSSInternalSoftwareConfig            0x08004acb   Thumb Code    30  stm32f10x_spi.o(.text)
    SPI_SSOutputCmd                          0x08004ae9   Thumb Code    24  stm32f10x_spi.o(.text)
    SPI_DataSizeConfig                       0x08004b01   Thumb Code    18  stm32f10x_spi.o(.text)
    SPI_TransmitCRC                          0x08004b13   Thumb Code    10  stm32f10x_spi.o(.text)
    SPI_CalculateCRC                         0x08004b1d   Thumb Code    24  stm32f10x_spi.o(.text)
    SPI_GetCRC                               0x08004b35   Thumb Code    16  stm32f10x_spi.o(.text)
    SPI_GetCRCPolynomial                     0x08004b45   Thumb Code     6  stm32f10x_spi.o(.text)
    SPI_BiDirectionalLineConfig              0x08004b4b   Thumb Code    28  stm32f10x_spi.o(.text)
    SPI_I2S_GetFlagStatus                    0x08004b67   Thumb Code    18  stm32f10x_spi.o(.text)
    SPI_I2S_ClearFlag                        0x08004b79   Thumb Code     6  stm32f10x_spi.o(.text)
    SPI_I2S_GetITStatus                      0x08004b7f   Thumb Code    52  stm32f10x_spi.o(.text)
    SPI_I2S_ClearITPendingBit                0x08004bb3   Thumb Code    20  stm32f10x_spi.o(.text)
    FLASH_SetLatency                         0x08004bd5   Thumb Code    18  stm32f10x_flash.o(.text)
    FLASH_HalfCycleAccessCmd                 0x08004be7   Thumb Code    22  stm32f10x_flash.o(.text)
    FLASH_PrefetchBufferCmd                  0x08004bfd   Thumb Code    22  stm32f10x_flash.o(.text)
    FLASH_Unlock                             0x08004c13   Thumb Code    12  stm32f10x_flash.o(.text)
    FLASH_UnlockBank1                        0x08004c1f   Thumb Code    12  stm32f10x_flash.o(.text)
    FLASH_Lock                               0x08004c2b   Thumb Code    14  stm32f10x_flash.o(.text)
    FLASH_LockBank1                          0x08004c39   Thumb Code    14  stm32f10x_flash.o(.text)
    FLASH_GetBank1Status                     0x08004c47   Thumb Code    48  stm32f10x_flash.o(.text)
    FLASH_WaitForLastOperation               0x08004c77   Thumb Code    38  stm32f10x_flash.o(.text)
    FLASH_ErasePage                          0x08004c9d   Thumb Code    72  stm32f10x_flash.o(.text)
    FLASH_EraseAllPages                      0x08004ce5   Thumb Code    68  stm32f10x_flash.o(.text)
    FLASH_WaitForLastBank1Operation          0x08004d29   Thumb Code    38  stm32f10x_flash.o(.text)
    FLASH_EraseAllBank1Pages                 0x08004d4f   Thumb Code    68  stm32f10x_flash.o(.text)
    FLASH_GetReadOutProtectionStatus         0x08004d93   Thumb Code    20  stm32f10x_flash.o(.text)
    FLASH_EraseOptionBytes                   0x08004da7   Thumb Code   150  stm32f10x_flash.o(.text)
    FLASH_ProgramWord                        0x08004e3d   Thumb Code   102  stm32f10x_flash.o(.text)
    FLASH_ProgramHalfWord                    0x08004ea3   Thumb Code    60  stm32f10x_flash.o(.text)
    FLASH_ProgramOptionByteData              0x08004edf   Thumb Code    72  stm32f10x_flash.o(.text)
    FLASH_EnableWriteProtection              0x08004f27   Thumb Code   200  stm32f10x_flash.o(.text)
    FLASH_ReadOutProtection                  0x08004fef   Thumb Code   156  stm32f10x_flash.o(.text)
    FLASH_UserOptionByteConfig               0x0800508b   Thumb Code    88  stm32f10x_flash.o(.text)
    FLASH_GetUserOptionByte                  0x080050e3   Thumb Code     8  stm32f10x_flash.o(.text)
    FLASH_GetWriteProtectionOptionByte       0x080050eb   Thumb Code     6  stm32f10x_flash.o(.text)
    FLASH_GetPrefetchBufferStatus            0x080050f1   Thumb Code    20  stm32f10x_flash.o(.text)
    FLASH_ITConfig                           0x08005105   Thumb Code    26  stm32f10x_flash.o(.text)
    FLASH_GetFlagStatus                      0x0800511f   Thumb Code    42  stm32f10x_flash.o(.text)
    FLASH_ClearFlag                          0x08005149   Thumb Code     6  stm32f10x_flash.o(.text)
    FLASH_GetStatus                          0x0800514f   Thumb Code    48  stm32f10x_flash.o(.text)
    USART_DeInit                             0x08005191   Thumb Code   134  stm32f10x_usart.o(.text)
    USART_Init                               0x08005217   Thumb Code   210  stm32f10x_usart.o(.text)
    USART_StructInit                         0x080052e9   Thumb Code    24  stm32f10x_usart.o(.text)
    USART_ClockInit                          0x08005301   Thumb Code    34  stm32f10x_usart.o(.text)
    USART_ClockStructInit                    0x08005323   Thumb Code    12  stm32f10x_usart.o(.text)
    USART_Cmd                                0x0800532f   Thumb Code    24  stm32f10x_usart.o(.text)
    USART_ITConfig                           0x08005347   Thumb Code    74  stm32f10x_usart.o(.text)
    USART_DMACmd                             0x08005391   Thumb Code    18  stm32f10x_usart.o(.text)
    USART_SetAddress                         0x080053a3   Thumb Code    18  stm32f10x_usart.o(.text)
    USART_WakeUpConfig                       0x080053b5   Thumb Code    18  stm32f10x_usart.o(.text)
    USART_ReceiverWakeUpCmd                  0x080053c7   Thumb Code    24  stm32f10x_usart.o(.text)
    USART_LINBreakDetectLengthConfig         0x080053df   Thumb Code    18  stm32f10x_usart.o(.text)
    USART_LINCmd                             0x080053f1   Thumb Code    24  stm32f10x_usart.o(.text)
    USART_SendData                           0x08005409   Thumb Code     8  stm32f10x_usart.o(.text)
    USART_ReceiveData                        0x08005411   Thumb Code    10  stm32f10x_usart.o(.text)
    USART_SendBreak                          0x0800541b   Thumb Code    10  stm32f10x_usart.o(.text)
    USART_SetGuardTime                       0x08005425   Thumb Code    16  stm32f10x_usart.o(.text)
    USART_SetPrescaler                       0x08005435   Thumb Code    16  stm32f10x_usart.o(.text)
    USART_SmartCardCmd                       0x08005445   Thumb Code    24  stm32f10x_usart.o(.text)
    USART_SmartCardNACKCmd                   0x0800545d   Thumb Code    24  stm32f10x_usart.o(.text)
    USART_HalfDuplexCmd                      0x08005475   Thumb Code    24  stm32f10x_usart.o(.text)
    USART_OverSampling8Cmd                   0x0800548d   Thumb Code    22  stm32f10x_usart.o(.text)
    USART_OneBitMethodCmd                    0x080054a3   Thumb Code    24  stm32f10x_usart.o(.text)
    USART_IrDAConfig                         0x080054bb   Thumb Code    18  stm32f10x_usart.o(.text)
    USART_IrDACmd                            0x080054cd   Thumb Code    24  stm32f10x_usart.o(.text)
    USART_GetFlagStatus                      0x080054e5   Thumb Code    26  stm32f10x_usart.o(.text)
    USART_ClearFlag                          0x080054ff   Thumb Code    18  stm32f10x_usart.o(.text)
    USART_GetITStatus                        0x08005511   Thumb Code    84  stm32f10x_usart.o(.text)
    USART_ClearITPendingBit                  0x08005565   Thumb Code    52  stm32f10x_usart.o(.text)
    get_ua_with_len                          0x08005633   Thumb Code    60  byte_order.o(.text)
    crc16                                    0x080056cf   Thumb Code    54  crc16.o(.text)
    prop_lookup                              0x0800575f   Thumb Code    34  props.o(.text)
    prop_send_req                            0x08005781   Thumb Code    22  props.o(.text)
    prop_send_req_to_ads_only                0x08005797   Thumb Code    22  props.o(.text)
    prop_lookup_len                          0x080057ad   Thumb Code    56  props.o(.text)
    prop_send                                0x080057e5   Thumb Code    40  props.o(.text)
    prop_send_generic                        0x0800580d   Thumb Code    94  props.o(.text)
    prop_request_value                       0x0800586b   Thumb Code    56  props.o(.text)
    prop_swap                                0x080058a3   Thumb Code    74  props.o(.text)
    prop_notify_failure                      0x080058ed   Thumb Code   152  props.o(.text)
    prop_send_done                           0x08005985   Thumb Code    42  props.o(.text)
    prop_setup_retry                         0x080059af   Thumb Code    14  props.o(.text)
    prop_is_busy                             0x080059bd   Thumb Code    24  props.o(.text)
    prop_poll                                0x080059d5   Thumb Code   450  props.o(.text)
    prop_pending                             0x08005b97   Thumb Code    56  props.o(.text)
    prop_update_connectivity                 0x08005bcf   Thumb Code    40  props.o(.text)
    prop_nak                                 0x08005bf7   Thumb Code    88  props.o(.text)
    prop_lookup_error                        0x08005c4f   Thumb Code    26  props.o(.text)
    serial_tx_buf_get                        0x08006021   Thumb Code    54  serial_msg.o(.text)
    serial_tx_cancel                         0x08006057   Thumb Code    14  serial_msg.o(.text)
    serial_tx_buf_send                       0x08006065   Thumb Code    22  serial_msg.o(.text)
    serial_rx_data_cmd                       0x08006345   Thumb Code   214  serial_msg.o(.text)
    send_name_tlv                            0x0800641b   Thumb Code   196  serial_msg.o(.text)
    send_tlv_string                          0x080064df   Thumb Code    32  serial_msg.o(.text)
    serial_send_prop                         0x080064ff   Thumb Code   758  serial_msg.o(.text)
    serial_request_prop                      0x080067f5   Thumb Code   146  serial_msg.o(.text)
    serial_tx_cmd                            0x08006887   Thumb Code   108  serial_msg.o(.text)
    serial_tx_service_listen                 0x080068f3   Thumb Code    88  serial_msg.o(.text)
    serial_is_ads_busy                       0x0800694b   Thumb Code     8  serial_msg.o(.text)
    serial_poll                              0x08006953   Thumb Code     8  serial_msg.o(.text)
    serial_process_inc_pkt                   0x0800695b   Thumb Code    48  serial_msg.o(.text)
    tlv_get                                  0x080069ef   Thumb Code    58  tlv.o(.text)
    tlv_put                                  0x08006a29   Thumb Code    56  tlv.o(.text)
    utf8_gets                                0x08006bed   Thumb Code    68  utf8.o(.text)
    set_length_up                            0x08006d8f   Thumb Code    64  demo_stream.o(.text)
    demo_stream_init                         0x08006dcf   Thumb Code    24  demo_stream.o(.text)
    send_inactive_version                    0x08006ea9   Thumb Code    42  demo_img_mgmt.o(.text)
    set_boot2inactive                        0x08007057   Thumb Code    28  demo_img_mgmt.o(.text)
    send_template_version                    0x080070b9   Thumb Code    44  demo_img_mgmt.o(.text)
    template_version_sent                    0x08007329   Thumb Code   108  demo_img_mgmt.o(.text)
    mcu_img_mgmt_init                        0x08007395   Thumb Code   128  demo_img_mgmt.o(.text)
    conf_mod_ota_go                          0x0800754d   Thumb Code     8  conf_access.o(.text)
    conf_read                                0x080076bd   Thumb Code   118  conf_access.o(.text)
    conf_set_cb                              0x08007733   Thumb Code     6  conf_access.o(.text)
    conf_write                               0x08007739   Thumb Code   264  conf_access.o(.text)
    conf_save                                0x08007841   Thumb Code    64  conf_access.o(.text)
    conf_rx                                  0x08007881   Thumb Code   234  conf_access.o(.text)
    conf_poll                                0x0800796b   Thumb Code    86  conf_access.o(.text)
    host_ota_stat                            0x08007a7f   Thumb Code     8  host_ota.o(.text)
    host_ota_start                           0x08007a87   Thumb Code   100  host_ota.o(.text)
    host_ota_go                              0x08007aeb   Thumb Code     8  host_ota.o(.text)
    host_ota_load                            0x08007af3   Thumb Code    72  host_ota.o(.text)
    host_ota_boot                            0x08007b3b   Thumb Code    52  host_ota.o(.text)
    host_ota_send                            0x08007b6f   Thumb Code   144  host_ota.o(.text)
    clock_is_leap                            0x08007c89   Thumb Code    42  clock_utils.o(.text)
    clock_get_day_occur_in_month             0x08007cb3   Thumb Code    14  clock_utils.o(.text)
    clock_fill_details                       0x08007cc1   Thumb Code   372  clock_utils.o(.text)
    clock_incr_day                           0x08007e35   Thumb Code   254  clock_utils.o(.text)
    clock_decr_day                           0x08007f33   Thumb Code   242  clock_utils.o(.text)
    clock_incr_month                         0x08008025   Thumb Code   262  clock_utils.o(.text)
    clock_decr_month                         0x0800812b   Thumb Code   208  clock_utils.o(.text)
    clock_local                              0x080081fb   Thumb Code    78  clock_utils.o(.text)
    clock_local_to_utc                       0x08008249   Thumb Code   204  clock_utils.o(.text)
    sched_int_get                            0x080083dd   Thumb Code    60  sched.o(.text)
    sched_update_time_info                   0x0800842b   Thumb Code   186  sched.o(.text)
    sched_run_all                            0x080084e5   Thumb Code   126  sched.o(.text)
    sched_set_prop                           0x08008563   Thumb Code   156  sched.o(.text)
    sched_log                                0x080085ff   Thumb Code     2  sched.o(.text)
    sched_determine_range                    0x080089fd   Thumb Code   756  schedeval.o(.text)
    sched_evaluate                           0x0800911b   Thumb Code   554  schedeval.o(.text)
    prop_dp_init                             0x080093e7   Thumb Code    10  prop_dp.o(.text)
    prop_dp_abort                            0x0800940b   Thumb Code   106  prop_dp.o(.text)
    prop_dp_nak                              0x080097ff   Thumb Code    92  prop_dp.o(.text)
    prop_dp_resp                             0x08009a03   Thumb Code   118  prop_dp.o(.text)
    prop_dp_send                             0x08009a79   Thumb Code    52  prop_dp.o(.text)
    prop_dp_set                              0x08009aad   Thumb Code    90  prop_dp.o(.text)
    prop_dp_start_send                       0x08009b07   Thumb Code    28  prop_dp.o(.text)
    spi_is_ads_busy                          0x08009bdd   Thumb Code    28  spi.o(.text)
    spi_tx_wait                              0x08009dd7   Thumb Code    38  spi.o(.text)
    spi_tx_buf_get                           0x08009dfd   Thumb Code    58  spi.o(.text)
    spi_tx_buf_get_for_props                 0x08009e37   Thumb Code    80  spi.o(.text)
    spi_tx_buf_trim                          0x08009e87   Thumb Code     6  spi.o(.text)
    spi_status                               0x0800a0a1   Thumb Code    32  spi.o(.text)
    spi_poll                                 0x0800a0c1   Thumb Code   110  spi.o(.text)
    __aeabi_memset                           0x0800a139   Thumb Code    14  memseta.o(.text)
    __aeabi_memset4                          0x0800a139   Thumb Code     0  memseta.o(.text)
    __aeabi_memset8                          0x0800a139   Thumb Code     0  memseta.o(.text)
    __aeabi_memclr                           0x0800a147   Thumb Code     4  memseta.o(.text)
    __aeabi_memclr4                          0x0800a147   Thumb Code     0  memseta.o(.text)
    __aeabi_memclr8                          0x0800a147   Thumb Code     0  memseta.o(.text)
    _memset$wrapper                          0x0800a14b   Thumb Code    18  memseta.o(.text)
    strlen                                   0x0800a15d   Thumb Code    14  strlen.o(.text)
    strcmp                                   0x0800a16b   Thumb Code    28  strcmp.o(.text)
    memcmp                                   0x0800a187   Thumb Code    26  memcmp.o(.text)
    __scatterload                            0x0800a1a1   Thumb Code    28  init.o(.text)
    __scatterload_rt2                        0x0800a1a1   Thumb Code     0  init.o(.text)
    __decompress                             0x0800a1c5   Thumb Code     0  __dczerorl2.o(.text)
    __decompress1                            0x0800a1c5   Thumb Code    92  __dczerorl2.o(.text)
    __scatterload_copy                       0x0800a221   Thumb Code    14  handlers.o(i.__scatterload_copy)
    __scatterload_null                       0x0800a22f   Thumb Code     2  handlers.o(i.__scatterload_null)
    __scatterload_zeroinit                   0x0800a231   Thumb Code    14  handlers.o(i.__scatterload_zeroinit)
    msg_sw_tbl_item_num                      0x0800a2a0   Data           1  deh_protocol_i.o(.constdata)
    __ctype_table                            0x0800a2c2   Data         129  ctype_o.o(.constdata)
    Region$$Table$$Base                      0x0800a494   Number         0  anon$$obj.o(Region$$Table)
    Region$$Table$$Limit                     0x0800a4b4   Number         0  anon$$obj.o(Region$$Table)
    rx_fsm                                   0x20000004   Data           1  app_control.o(.data)
    rx_data_len                              0x20000006   Data           2  app_control.o(.data)
    rx_timeout_cntdn                         0x20000008   Data           4  app_control.o(.data)
    session_timer                            0x2000000c   Data           4  app_control.o(.data)
    p_msg_sw_tbl                             0x2000001c   Data           4  deh_protocol_i.o(.data)
    prop_table                               0x20000020   Data        1320  deh_property.o(.data)
    prop_count                               0x20000548   Data           1  deh_property.o(.data)
    intr_stats                               0x20000560   Data           8  stm32.o(.data)
    tick                                     0x20000568   Data           4  stm32.o(.data)
    SystemCoreClock                          0x2000056c   Data           4  system_stm32f10x.o(.data)
    AHBPrescTable                            0x20000570   Data          16  system_stm32f10x.o(.data)
    valid_dest_mask                          0x20000598   Data           1  props.o(.data)
    tlv_req_id                               0x200005ac   Data           2  serial_msg.o(.data)
    feature_mask                             0x200005ae   Data           1  serial_msg.o(.data)
    features_sent                            0x200005af   Data           1  serial_msg.o(.data)
    stream_up_len                            0x200005c0   Data           4  demo_stream.o(.data)
    stream_down_patt_match_len               0x200005c4   Data           4  demo_stream.o(.data)
    template_req                             0x200005d4   Data           1  demo_img_mgmt.o(.data)
    boot2inactive                            0x200005e0   Data           1  demo_img_mgmt.o(.data)
    conf_ota_cb                              0x200005e4   Data           4  conf_access.o(.data)
    conf_stats                               0x200005f0   Data           8  conf_access.o(.data)
    host_ota_start_cb                        0x200005f8   Data           4  host_ota.o(.data)
    host_ota_load_cb                         0x200005fc   Data           4  host_ota.o(.data)
    host_ota_boot_cb                         0x20000600   Data           4  host_ota.o(.data)
    timezone_info                            0x20000644   Data           4  clock_utils.o(.data)
    daylight_info                            0x20000648   Data           8  clock_utils.o(.data)
    clock_boot_rel_time                      0x20000650   Data           4  sched.o(.data)
    sched_next_event_tick                    0x20000654   Data           4  sched.o(.data)
    prop_dp_active                           0x20000658   Data           4  prop_dp.o(.data)
    prop_dp_last_err                         0x2000065c   Data           1  prop_dp.o(.data)
    sched_table                              0x20000664   Data        2570  app_main.o(.bss)
    app_param                                0x20001070   Data         268  app_property.o(.bss)
    tx_buf                                   0x2000117c   Data         256  app_control.o(.bss)
    rx_buf                                   0x2000127c   Data         256  app_control.o(.bss)
    deh_param                                0x20001480   Data          44  deh_property.o(.bss)
    serial_msg_stats                         0x200018c6   Data          24  serial_msg.o(.bss)
    stream_up_state                          0x200018e0   Data          92  demo_stream.o(.bss)
    stream_down_state                        0x2000193c   Data          92  demo_stream.o(.bss)
    conf_dsn                                 0x20001998   Data          20  conf_access.o(.bss)
    conf_model                               0x200019ac   Data          20  conf_access.o(.bss)
    prop_dp_stats                            0x200019c0   Data          20  prop_dp.o(.bss)
    __initial_sp                             0x200020f8   Data           0  startup_stm32f10x_md.o(STACK)



==============================================================================

Memory Map of the image

  Image Entry point : 0x08002101

  Load Region LR_1 (Base: 0x08002000, Size: 0x00008b18, Max: 0xffffffff, ABSOLUTE, COMPRESSED[0x00008634])

    Execution Region ER_RO (Base: 0x08002000, Size: 0x000084b4, Max: 0xffffffff, ABSOLUTE)

    Base Addr    Size         Type   Attr      Idx    E Section Name        Object

    0x08002000   0x000000ec   Data   RO          393    RESET               startup_stm32f10x_md.o
    0x080020ec   0x00000000   Code   RO          930  * .ARM.Collect$$$$00000000  mc_w.l(entry.o)
    0x080020ec   0x00000004   Code   RO          973    .ARM.Collect$$$$00000001  mc_w.l(entry2.o)
    0x080020f0   0x00000004   Code   RO          976    .ARM.Collect$$$$00000004  mc_w.l(entry5.o)
    0x080020f4   0x00000000   Code   RO          978    .ARM.Collect$$$$00000008  mc_w.l(entry7b.o)
    0x080020f4   0x00000000   Code   RO          980    .ARM.Collect$$$$0000000A  mc_w.l(entry8b.o)
    0x080020f4   0x00000008   Code   RO          981    .ARM.Collect$$$$0000000B  mc_w.l(entry9a.o)
    0x080020fc   0x00000000   Code   RO          983    .ARM.Collect$$$$0000000D  mc_w.l(entry10a.o)
    0x080020fc   0x00000000   Code   RO          985    .ARM.Collect$$$$0000000F  mc_w.l(entry11a.o)
    0x080020fc   0x00000004   Code   RO          974    .ARM.Collect$$$$00002712  mc_w.l(entry2.o)
    0x08002100   0x00000024   Code   RO          394  * .text               startup_stm32f10x_md.o
    0x08002124   0x00000008   Code   RO          933    .text               mc_w.l(ctype_o.o)
    0x0800212c   0x00000024   Code   RO          961    .text               mc_w.l(memcpya.o)
    0x08002150   0x00000008   Data   RO            2    .ARM.__AT_0x08002150  app_main.o
    0x08002158   0x00000048   Data   RO            3    .ARM.__AT_0x08002158  app_main.o
    0x080021a0   0x000001bc   Code   RO            1    .text               app_main.o
    0x0800235c   0x0000056a   Code   RO          173    .text               app_protocol_i.o
    0x080028c6   0x00000002   PAD
    0x080028c8   0x00000120   Code   RO          195    .text               app_property.o
    0x080029e8   0x00000428   Code   RO          224    .text               app_control.o
    0x08002e10   0x00000160   Code   RO          247    .text               app_uart.o
    0x08002f70   0x00000378   Code   RO          263    .text               deh_protocol_i.o
    0x080032e8   0x00000258   Code   RO          285    .text               deh_property.o
    0x08003540   0x000001d8   Code   RO          309    .text               deh_control.o
    0x08003718   0x00000134   Code   RO          322    .text               mcu_io.o
    0x0800384c   0x000002cc   Code   RO          334    .text               spi_platform.o
    0x08003b18   0x000002e8   Code   RO          346    .text               stm32.o
    0x08003e00   0x000001d4   Code   RO          373    .text               system_stm32f10x.o
    0x08003fd4   0x0000011c   Code   RO          399    .text               stm32f10x_exti.o
    0x080040f0   0x00000358   Code   RO          480    .text               stm32f10x_gpio.o
    0x08004448   0x000003a4   Code   RO          498    .text               stm32f10x_rcc.o
    0x080047ec   0x000000dc   Code   RO          515    .text               misc.o
    0x080048c8   0x0000030c   Code   RO          530    .text               stm32f10x_spi.o
    0x08004bd4   0x000005bc   Code   RO          557    .text               stm32f10x_flash.o
    0x08005190   0x00000408   Code   RO          572    .text               stm32f10x_usart.o
    0x08005598   0x000000d6   Code   RO          602    .text               byte_order.o
    0x0800566e   0x00000002   PAD
    0x08005670   0x00000098   Code   RO          617    .text               crc16.o
    0x08005708   0x00000570   Code   RO          631    .text               props.o
    0x08005c78   0x00000d20   Code   RO          650    .text               serial_msg.o
    0x08006998   0x000000c8   Code   RO          681    .text               tlv.o
    0x08006a60   0x000001d0   Code   RO          693    .text               utf8.o
    0x08006c30   0x0000020c   Code   RO          708    .text               demo_stream.o
    0x08006e3c   0x00000620   Code   RO          724    .text               demo_img_mgmt.o
    0x0800745c   0x00000588   Code   RO          766    .text               conf_access.o
    0x080079e4   0x00000234   Code   RO          800    .text               host_ota.o
    0x08007c18   0x00000710   Code   RO          818    .text               clock_utils.o
    0x08008328   0x000002f0   Code   RO          837    .text               sched.o
    0x08008618   0x00000d34   Code   RO          859    .text               schedeval.o
    0x0800934c   0x000007e8   Code   RO          875    .text               prop_dp.o
    0x08009b34   0x00000604   Code   RO          895    .text               spi.o
    0x0800a138   0x00000024   Code   RO          963    .text               mc_w.l(memseta.o)
    0x0800a15c   0x0000000e   Code   RO          965    .text               mc_w.l(strlen.o)
    0x0800a16a   0x0000001c   Code   RO          967    .text               mc_w.l(strcmp.o)
    0x0800a186   0x0000001a   Code   RO          969    .text               mc_w.l(memcmp.o)
    0x0800a1a0   0x00000024   Code   RO          987    .text               mc_w.l(init.o)
    0x0800a1c4   0x0000005c   Code   RO          997    .text               mc_w.l(__dczerorl2.o)
    0x0800a220   0x0000000e   Code   RO          991    i.__scatterload_copy  mc_w.l(handlers.o)
    0x0800a22e   0x00000002   Code   RO          992    i.__scatterload_null  mc_w.l(handlers.o)
    0x0800a230   0x0000000e   Code   RO          993    i.__scatterload_zeroinit  mc_w.l(handlers.o)
    0x0800a23e   0x00000032   Data   RO          226    .constdata          app_control.o
    0x0800a270   0x00000031   Data   RO          264    .constdata          deh_protocol_i.o
    0x0800a2a1   0x00000001   PAD
    0x0800a2a2   0x00000020   Data   RO          618    .constdata          crc16.o
    0x0800a2c2   0x00000081   Data   RO          934    .constdata          mc_w.l(ctype_o.o)
    0x0800a343   0x00000001   PAD
    0x0800a344   0x00000004   Data   RO          935    .constdata          mc_w.l(ctype_o.o)
    0x0800a348   0x0000014a   Data   RO          287    .conststring        deh_property.o
    0x0800a492   0x00000002   PAD
    0x0800a494   0x00000020   Data   RO          989    Region$$Table       anon$$obj.o


    Execution Region ER_RW (Base: 0x20000000, Size: 0x00000664, Max: 0xffffffff, ABSOLUTE, COMPRESSED[0x00000180])

    Base Addr    Size         Type   Attr      Idx    E Section Name        Object

    0x20000000   0x00000001   Data   RW            5    .data               app_main.o
    0x20000001   0x00000003   PAD
    0x20000004   0x00000015   Data   RW          227    .data               app_control.o
    0x20000019   0x00000003   PAD
    0x2000001c   0x00000004   Data   RW          265    .data               deh_protocol_i.o
    0x20000020   0x00000529   Data   RW          288    .data               deh_property.o
    0x20000549   0x00000003   PAD
    0x2000054c   0x00000012   Data   RW          310    .data               deh_control.o
    0x2000055e   0x00000002   PAD
    0x20000560   0x0000000c   Data   RW          348    .data               stm32.o
    0x2000056c   0x00000014   Data   RW          374    .data               system_stm32f10x.o
    0x20000580   0x00000014   Data   RW          499    .data               stm32f10x_rcc.o
    0x20000594   0x00000018   Data   RW          632    .data               props.o
    0x200005ac   0x00000010   Data   RW          652    .data               serial_msg.o
    0x200005bc   0x0000000c   Data   RW          710    .data               demo_stream.o
    0x200005c8   0x00000019   Data   RW          725    .data               demo_img_mgmt.o
    0x200005e1   0x00000003   PAD
    0x200005e4   0x00000014   Data   RW          768    .data               conf_access.o
    0x200005f8   0x0000000e   Data   RW          801    .data               host_ota.o
    0x20000606   0x00000002   PAD
    0x20000608   0x00000048   Data   RW          819    .data               clock_utils.o
    0x20000650   0x00000008   Data   RW          838    .data               sched.o
    0x20000658   0x00000005   Data   RW          877    .data               prop_dp.o
    0x2000065d   0x00000001   PAD
    0x2000065e   0x00000006   Data   RW          897    .data               spi.o


    Execution Region ER_ZI (Base: 0x20000664, Size: 0x00001a94, Max: 0xffffffff, ABSOLUTE)

    Base Addr    Size         Type   Attr      Idx    E Section Name        Object

    0x20000664   0x00000a0a   Zero   RW            4    .bss                app_main.o
    0x2000106e   0x00000002   PAD
    0x20001070   0x0000010c   Zero   RW          196    .bss                app_property.o
    0x2000117c   0x00000304   Zero   RW          225    .bss                app_control.o
    0x20001480   0x0000002c   Zero   RW          286    .bss                deh_property.o
    0x200014ac   0x0000000c   Zero   RW          347    .bss                stm32.o
    0x200014b8   0x00000426   Zero   RW          651    .bss                serial_msg.o
    0x200018de   0x00000002   PAD
    0x200018e0   0x000000b8   Zero   RW          709    .bss                demo_stream.o
    0x20001998   0x00000028   Zero   RW          767    .bss                conf_access.o
    0x200019c0   0x00000014   Zero   RW          876    .bss                prop_dp.o
    0x200019d4   0x00000324   Zero   RW          896    .bss                spi.o
    0x20001cf8   0x00000400   Zero   RW          391    STACK               startup_stm32f10x_md.o


==============================================================================

Image component sizes


      Code (inc. data)   RO Data    RW Data    ZI Data      Debug   Object Name

      1064         82         50         21        772       5615   app_control.o
       444         44         80          1       2570     243695   app_main.o
       288         38          0          0        268       5524   app_property.o
      1386         28          0          0          0      12153   app_protocol_i.o
       352          8          0          0          0       1616   app_uart.o
       214          0          0          0          0       2454   byte_order.o
      1808         44          0         72          0       6039   clock_utils.o
      1416         64          0         20         40       7524   conf_access.o
       152          4         32          0          0       1844   crc16.o
       472         68          0         18          0       1618   deh_control.o
       600         12        330       1321         44       7829   deh_property.o
       888         22         49          4          0       4731   deh_protocol_i.o
      1568        126          0         25          0      28946   demo_img_mgmt.o
       524         86          0         12        184       3934   demo_stream.o
       564         26          0         14          0       4307   host_ota.o
       308         14          0          0          0       1274   mcu_io.o
       220         20          0          0          0       3597   misc.o
      2024         34          0          5         20      10026   prop_dp.o
      1392         56          0         24          0       8032   props.o
       752         24          0          8          0       4578   sched.o
      3380         44          0          0          0      10409   schedeval.o
      3360         86          0         16       1062      13488   serial_msg.o
      1540         34          0          6        804       7506   spi.o
       716         12          0          0          0       3867   spi_platform.o
        36          8        236          0       1024        828   startup_stm32f10x_md.o
       744         38          0         12         12      27284   stm32.o
       284         10          0          0          0      13303   stm32f10x_exti.o
      1468         34          0          0          0      14498   stm32f10x_flash.o
       856         40          0          0          0      14133   stm32f10x_gpio.o
       932         44          0         20          0      17668   stm32f10x_rcc.o
       780         14          0          0          0      13562   stm32f10x_spi.o
      1032         22          0          0          0      14536   stm32f10x_usart.o
       468         36          0         20          0       1719   system_stm32f10x.o
       200          0          0          0          0       2066   tlv.o
       464          0          0          0          0       3140   utf8.o

    ----------------------------------------------------------------------
     32700       1222        812       1636       6804     523343   Object Totals
         0          0         32          0          0          0   (incl. Generated)
         4          0          3         17          4          0   (incl. Padding)

    ----------------------------------------------------------------------

      Code (inc. data)   RO Data    RW Data    ZI Data      Debug   Library Member Name

        92          0          0          0          0          0   __dczerorl2.o
         8          4        133          0          0         68   ctype_o.o
         0          0          0          0          0          0   entry.o
         0          0          0          0          0          0   entry10a.o
         0          0          0          0          0          0   entry11a.o
         8          4          0          0          0          0   entry2.o
         4          0          0          0          0          0   entry5.o
         0          0          0          0          0          0   entry7b.o
         0          0          0          0          0          0   entry8b.o
         8          4          0          0          0          0   entry9a.o
        30          0          0          0          0          0   handlers.o
        36          8          0          0          0         68   init.o
        26          0          0          0          0         80   memcmp.o
        36          0          0          0          0         68   memcpya.o
        36          0          0          0          0        108   memseta.o
        28          0          0          0          0         76   strcmp.o
        14          0          0          0          0         68   strlen.o

    ----------------------------------------------------------------------
       326         20        134          0          0        536   Library Totals
         0          0          1          0          0          0   (incl. Padding)

    ----------------------------------------------------------------------

      Code (inc. data)   RO Data    RW Data    ZI Data      Debug   Library Name

       326         20        133          0          0        536   mc_w.l

    ----------------------------------------------------------------------
       326         20        134          0          0        536   Library Totals

    ----------------------------------------------------------------------

==============================================================================


      Code (inc. data)   RO Data    RW Data    ZI Data      Debug   

     33026       1242        946       1636       6804     520655   Grand Totals
     33026       1242        946        384       6804     520655   ELF Image Totals (compressed)
     33026       1242        946        384          0          0   ROM Totals

==============================================================================

    Total RO  Size (Code + RO Data)                33972 (  33.18kB)
    Total RW  Size (RW Data + ZI Data)              8440 (   8.24kB)
    Total ROM Size (Code + RO Data + RW Data)      34356 (  33.55kB)

==============================================================================

